Component: ARM Compiler 5.06 update 1 (build 61) Tool: armlink [4d35a8]

==============================================================================

Section Cross References

    main.o(i.Chenillard) refers to main.o(i.nrf_gpio_pin_port_decode) for nrf_gpio_pin_port_decode
    main.o(i.Chenillard) refers to main.o(i.nrf_gpio_pin_clear) for nrf_gpio_pin_clear
    main.o(i.Chenillard) refers to main.o(.data) for tab
    main.o(i.Chenillard) refers to main.o(.constdata) for t_c8_ledVerte
    main.o(i.advertising_init) refers to memseta.o(.text) for __aeabi_memclr4
    main.o(i.advertising_init) refers to ble_advertising.o(i.ble_advertising_init) for ble_advertising_init
    main.o(i.advertising_init) refers to app_error.o(i.app_error_handler_bare) for app_error_handler_bare
    main.o(i.advertising_init) refers to ble_advertising.o(i.ble_advertising_conn_cfg_tag_set) for ble_advertising_conn_cfg_tag_set
    main.o(i.advertising_init) refers to main.o(.data) for m_adv_uuids
    main.o(i.advertising_init) refers to main.o(i.on_adv_evt) for on_adv_evt
    main.o(i.advertising_init) refers to main.o(.bss) for m_advertising
    main.o(i.advertising_start) refers to ble_advertising.o(i.ble_advertising_start) for ble_advertising_start
    main.o(i.advertising_start) refers to app_error.o(i.app_error_handler_bare) for app_error_handler_bare
    main.o(i.advertising_start) refers to main.o(.bss) for m_advertising
    main.o(i.assert_nrf_callback) refers to app_error_handler_keil.o(.emb_text) for app_error_handler
    main.o(i.ble_evt_handler) refers to nrf_log_frontend.o(i.nrf_log_frontend_std_0) for nrf_log_frontend_std_0
    main.o(i.ble_evt_handler) refers to app_error.o(i.app_error_handler_bare) for app_error_handler_bare
    main.o(i.ble_evt_handler) refers to memcpya.o(.text) for __aeabi_memcpy
    main.o(i.ble_evt_handler) refers to nrf_log_frontend.o(log_const_data) for m_nrf_log_app_logs_data_const
    main.o(i.ble_evt_handler) refers to main.o(.data) for m_conn_handle
    main.o(i.ble_stack_init) refers to nrf_sdh.o(i.nrf_sdh_enable_request) for nrf_sdh_enable_request
    main.o(i.ble_stack_init) refers to app_error.o(i.app_error_handler_bare) for app_error_handler_bare
    main.o(i.ble_stack_init) refers to nrf_sdh_ble.o(i.nrf_sdh_ble_default_cfg_set) for nrf_sdh_ble_default_cfg_set
    main.o(i.ble_stack_init) refers to nrf_sdh_ble.o(i.nrf_sdh_ble_enable) for nrf_sdh_ble_enable
    main.o(i.cdc_acm_user_ev_handler) refers to app_usbd_cdc_acm.o(i.app_usbd_cdc_acm_read) for app_usbd_cdc_acm_read
    main.o(i.cdc_acm_user_ev_handler) refers to app_timer2.o(i.app_timer_stop) for app_timer_stop
    main.o(i.cdc_acm_user_ev_handler) refers to app_error.o(i.app_error_handler_bare) for app_error_handler_bare
    main.o(i.cdc_acm_user_ev_handler) refers to nrf_log_frontend.o(i.nrf_log_frontend_std_0) for nrf_log_frontend_std_0
    main.o(i.cdc_acm_user_ev_handler) refers to main.o(i.Chenillard) for Chenillard
    main.o(i.cdc_acm_user_ev_handler) refers to nrf_log_frontend.o(i.nrf_log_frontend_hexdump) for nrf_log_frontend_hexdump
    main.o(i.cdc_acm_user_ev_handler) refers to protocol.o(i.v_unifiedProtocol) for v_unifiedProtocol
    main.o(i.cdc_acm_user_ev_handler) refers to app_usbd_cdc_acm.o(i.app_usbd_cdc_acm_rx_size) for app_usbd_cdc_acm_rx_size
    main.o(i.cdc_acm_user_ev_handler) refers to nrf_log_frontend.o(i.nrf_log_frontend_std_2) for nrf_log_frontend_std_2
    main.o(i.cdc_acm_user_ev_handler) refers to main.o(.bss) for m_cdc_data_array
    main.o(i.cdc_acm_user_ev_handler) refers to main.o(.constdata) for m_app_cdc_acm
    main.o(i.cdc_acm_user_ev_handler) refers to nrf_log_frontend.o(log_const_data) for m_nrf_log_app_logs_data_const
    main.o(i.cdc_acm_user_ev_handler) refers to main.o(.data) for index
    main.o(i.conn_params_error_handler) refers to app_error.o(i.app_error_handler_bare) for app_error_handler_bare
    main.o(i.conn_params_init) refers to memseta.o(.text) for __aeabi_memclr4
    main.o(i.conn_params_init) refers to ble_conn_params.o(i.ble_conn_params_init) for ble_conn_params_init
    main.o(i.conn_params_init) refers to app_error.o(i.app_error_handler_bare) for app_error_handler_bare
    main.o(i.conn_params_init) refers to main.o(i.conn_params_error_handler) for conn_params_error_handler
    main.o(i.gap_params_init) refers to app_error.o(i.app_error_handler_bare) for app_error_handler_bare
    main.o(i.gatt_evt_handler) refers to nrf_log_frontend.o(i.nrf_log_frontend_std_2) for nrf_log_frontend_std_2
    main.o(i.gatt_evt_handler) refers to main.o(.data) for m_conn_handle
    main.o(i.gatt_evt_handler) refers to nrf_log_frontend.o(log_const_data) for m_nrf_log_app_logs_data_const
    main.o(i.gatt_init) refers to nrf_ble_gatt.o(i.nrf_ble_gatt_init) for nrf_ble_gatt_init
    main.o(i.gatt_init) refers to app_error.o(i.app_error_handler_bare) for app_error_handler_bare
[...]
    nrfx_power_usb_handler_get               0x0002f9ed   Thumb Code     6  nrfx_power.o(i.nrfx_power_usb_handler_get)
    nrfx_power_usbevt_disable                0x0002f9f9   Thumb Code    12  nrfx_power.o(i.nrfx_power_usbevt_disable)
    nrfx_power_usbevt_enable                 0x0002fa05   Thumb Code    12  nrfx_power.o(i.nrfx_power_usbevt_enable)
    nrfx_power_usbevt_init                   0x0002fa11   Thumb Code    20  nrfx_power.o(i.nrfx_power_usbevt_init)
    nrfx_power_usbevt_uninit                 0x0002fa29   Thumb Code     8  nrfx_power.o(i.nrfx_power_usbevt_uninit)
    nrfx_usbd_active_irq_config              0x0002fa35   Thumb Code    10  nrfx_usbd.o(i.nrfx_usbd_active_irq_config)
    nrfx_usbd_consumer                       0x0002fa45   Thumb Code    56  nrfx_usbd.o(i.nrfx_usbd_consumer)
    nrfx_usbd_disable                        0x0002fa7d   Thumb Code    34  nrfx_usbd.o(i.nrfx_usbd_disable)
    nrfx_usbd_enable                         0x0002faa9   Thumb Code   162  nrfx_usbd.o(i.nrfx_usbd_enable)
    nrfx_usbd_ep_abort                       0x0002fb69   Thumb Code    12  nrfx_usbd.o(i.nrfx_usbd_ep_abort)
    nrfx_usbd_ep_disable                     0x0002fb75   Thumb Code   110  nrfx_usbd.o(i.nrfx_usbd_ep_disable)
    nrfx_usbd_ep_dtoggle_clear               0x0002fbe9   Thumb Code    72  nrfx_usbd.o(i.nrfx_usbd_ep_dtoggle_clear)
    nrfx_usbd_ep_enable                      0x0002fc35   Thumb Code   182  nrfx_usbd.o(i.nrfx_usbd_ep_enable)
    nrfx_usbd_ep_enable_check                0x0002fcf5   Thumb Code    18  nrfx_usbd.o(i.nrfx_usbd_ep_enable_check)
    nrfx_usbd_ep_handled_transfer            0x0002fd09   Thumb Code   134  nrfx_usbd.o(i.nrfx_usbd_ep_handled_transfer)
    nrfx_usbd_ep_max_packet_size_get         0x0002fd9d   Thumb Code    16  nrfx_usbd.o(i.nrfx_usbd_ep_max_packet_size_get)
    nrfx_usbd_ep_max_packet_size_set         0x0002fdad   Thumb Code    18  nrfx_usbd.o(i.nrfx_usbd_ep_max_packet_size_set)
    nrfx_usbd_ep_stall                       0x0002fdc1   Thumb Code    52  nrfx_usbd.o(i.nrfx_usbd_ep_stall)
    nrfx_usbd_ep_stall_check                 0x0002fdf9   Thumb Code    66  nrfx_usbd.o(i.nrfx_usbd_ep_stall_check)
    nrfx_usbd_ep_stall_clear                 0x0002fe41   Thumb Code    72  nrfx_usbd.o(i.nrfx_usbd_ep_stall_clear)
    nrfx_usbd_ep_transfer                    0x0002fed5   Thumb Code   236  nrfx_usbd.o(i.nrfx_usbd_ep_transfer)
    nrfx_usbd_epout_size_get                 0x0002ffe9   Thumb Code    50  nrfx_usbd.o(i.nrfx_usbd_epout_size_get)
    nrfx_usbd_feeder_buffer_get              0x00030029   Thumb Code     4  nrfx_usbd.o(i.nrfx_usbd_feeder_buffer_get)
    nrfx_usbd_feeder_flash                   0x00030031   Thumb Code    68  nrfx_usbd.o(i.nrfx_usbd_feeder_flash)
    nrfx_usbd_feeder_flash_zlp               0x00030075   Thumb Code    74  nrfx_usbd.o(i.nrfx_usbd_feeder_flash_zlp)
    nrfx_usbd_feeder_ram                     0x000300bf   Thumb Code    48  nrfx_usbd.o(i.nrfx_usbd_feeder_ram)
    nrfx_usbd_feeder_ram_zlp                 0x000300ef   Thumb Code    52  nrfx_usbd.o(i.nrfx_usbd_feeder_ram_zlp)
    nrfx_usbd_force_bus_wakeup               0x00030125   Thumb Code     8  nrfx_usbd.o(i.nrfx_usbd_force_bus_wakeup)
    nrfx_usbd_init                           0x00030131   Thumb Code   142  nrfx_usbd.o(i.nrfx_usbd_init)
    nrfx_usbd_is_enabled                     0x000301c9   Thumb Code    16  nrfx_usbd.o(i.nrfx_usbd_is_enabled)
    nrfx_usbd_is_initialized                 0x000301dd   Thumb Code    16  nrfx_usbd.o(i.nrfx_usbd_is_initialized)
    nrfx_usbd_isoinconfig_set                0x000301f1   Thumb Code    10  nrfx_usbd.o(i.nrfx_usbd_isoinconfig_set)
    nrfx_usbd_last_setup_dir_get             0x00030201   Thumb Code     6  nrfx_usbd.o(i.nrfx_usbd_last_setup_dir_get)
    nrfx_usbd_setup_clear                    0x0003020d   Thumb Code    10  nrfx_usbd.o(i.nrfx_usbd_setup_clear)
    nrfx_usbd_setup_data_clear               0x00030217   Thumb Code    10  nrfx_usbd.o(i.nrfx_usbd_setup_data_clear)
    nrfx_usbd_setup_get                      0x00030221   Thumb Code   102  nrfx_usbd.o(i.nrfx_usbd_setup_get)
    nrfx_usbd_setup_stall                    0x0003028d   Thumb Code    10  nrfx_usbd.o(i.nrfx_usbd_setup_stall)
    nrfx_usbd_start                          0x00030299   Thumb Code   158  nrfx_usbd.o(i.nrfx_usbd_start)
    nrfx_usbd_stop                           0x0003034d   Thumb Code   156  nrfx_usbd.o(i.nrfx_usbd_stop)
    nrfx_usbd_suspend                        0x000303f5   Thumb Code    80  nrfx_usbd.o(i.nrfx_usbd_suspend)
    nrfx_usbd_suspend_irq_config             0x0003044d   Thumb Code    10  nrfx_usbd.o(i.nrfx_usbd_suspend_irq_config)
    nrfx_usbd_transfer_out_drop              0x0003045d   Thumb Code   102  nrfx_usbd.o(i.nrfx_usbd_transfer_out_drop)
    nrfx_usbd_uninit                         0x000304cd   Thumb Code    12  nrfx_usbd.o(i.nrfx_usbd_uninit)
    nrfx_usbd_wakeup_req                     0x000304e1   Thumb Code    98  nrfx_usbd.o(i.nrfx_usbd_wakeup_req)
    nvmc_config                              0x00030649   Thumb Code    14  system_nrf52.o(i.nvmc_config)
    nvmc_wait                                0x0003065d   Thumb Code    12  system_nrf52.o(i.nvmc_wait)
    u32_stackEnvoi                           0x0003258d   Thumb Code    26  main.o(i.u32_stackEnvoi)
    v_unifiedProtocol                        0x00033001   Thumb Code   520  protocol.o(i.v_unifiedProtocol)
    t_c8_ledVerte                            0x00033310   Data          28  main.o(.constdata)
    m_app_cdc_acm                            0x00033334   Data          36  main.o(.constdata)
    CrLf                                     0x0003338a   Data           3  protocol.o(.constdata)
    app_usbd_cdc_acm_class_methods           0x00033544   Data          20  app_usbd_cdc_acm.o(.constdata)
    app_usbd_core_inst                       0x000335c0   Data          16  app_usbd_core.o(.constdata)
    nrf_fstorage_sd                          0x000337a4   Data          32  nrf_fstorage_sd.o(.constdata)
    nrf_log_backend_rtt_api                  0x000337d0   Data          12  nrf_log_backend_rtt.o(.constdata)
    m_ram_start                              0x00033878   Data           4  nrf_sdh_ble.o(.constdata)
    __ctype_table                            0x00033898   Data         129  ctype_o.o(.constdata)
    Region$$Table$$Base                      0x000346d4   Number         0  anon$$obj.o(Region$$Table)
    Region$$Table$$Limit                     0x000346f4   Number         0  anon$$obj.o(Region$$Table)
    log_const_data$$Base                     0x00034704   Number         0  nrf_ble_gatt.o(log_const_data)
    m_nrf_log_nrf_ble_gatt_logs_data_const   0x00034704   Data           8  nrf_ble_gatt.o(log_const_data)
    m_nrf_log_ble_nus_logs_data_const        0x0003470c   Data           8  ble_nus.o(log_const_data)
    m_nrf_log_clock_logs_data_const          0x00034714   Data           8  nrf_drv_clock.o(log_const_data)
    m_nrf_log_CLOCK_logs_data_const          0x0003471c   Data           8  nrfx_clock.o(log_const_data)
    m_nrf_log_GPIOTE_logs_data_const         0x00034724   Data           8  nrfx_gpiote.o(log_const_data)
    m_nrf_log_PRS_logs_data_const            0x0003472c   Data           8  nrfx_prs.o(log_const_data)
    m_nrf_log_UART_logs_data_const           0x00034734   Data           8  nrfx_uart.o(log_const_data)
    m_nrf_log_UARTE_logs_data_const          0x0003473c   Data           8  nrfx_uarte.o(log_const_data)
    m_nrf_log_USBD_logs_data_const           0x00034744   Data           8  nrfx_usbd.o(log_const_data)
    m_nrf_log_app_button_logs_data_const     0x0003474c   Data           8  app_button.o(log_const_data)
    m_nrf_log_app_timer_logs_data_const      0x00034754   Data           8  app_timer2.o(log_const_data)
    m_nrf_log_app_usbd_logs_data_const       0x0003475c   Data           8  app_usbd.o(log_const_data)
    m_nrf_log_cdc_acm_logs_data_const        0x00034764   Data           8  app_usbd_cdc_acm.o(log_const_data)
    m_nrf_log_app_usbd_core_logs_data_const  0x0003476c   Data           8  app_usbd_core.o(log_const_data)
    m_nrf_log_hardfault_logs_data_const      0x00034774   Data           8  hardfault_implementation.o(log_const_data)
    m_nrf_log_pwr_mgmt_logs_data_const       0x0003477c   Data           8  nrf_pwr_mgmt.o(log_const_data)
    m_nrf_log_sortlist_logs_data_const       0x00034784   Data           8  nrf_sortlist.o(log_const_data)
    m_nrf_log_nrf_fstorage_logs_data_const   0x0003478c   Data           8  nrf_fstorage.o(log_const_data)
    m_nrf_log_app_logs_data_const            0x00034794   Data           8  nrf_log_frontend.o(log_const_data)
    m_nrf_log_nrf_sdh_logs_data_const        0x0003479c   Data           8  nrf_sdh.o(log_const_data)
    m_nrf_log_nrf_sdh_ble_logs_data_const    0x000347a4   Data           8  nrf_sdh_ble.o(log_const_data)
    m_nrf_log_nrf_sdh_soc_logs_data_const    0x000347ac   Data           8  nrf_sdh_soc.o(log_const_data)
    log_const_data$$Limit                    0x000347b4   Number         0  nrf_sdh_soc.o(log_const_data)
    log_mempool                              0x000347b4   Data          20  nrf_log_frontend.o(nrf_balloc)
    sdh_ble_observers0$$Base                 0x000347c8   Number         0  ble_conn_state.o(sdh_ble_observers0)
    sdh_ble_observers0$$Limit                0x000347d0   Number         0  ble_conn_state.o(sdh_ble_observers0)
    sdh_ble_observers1$$Base                 0x000347d0   Number         0  main.o(sdh_ble_observers1)
    sdh_ble_observers1$$Limit                0x000347e8   Number         0  ble_conn_params.o(sdh_ble_observers1)
    sdh_ble_observers2$$Base                 0x000347e8   Number         0  main.o(sdh_ble_observers2)
    sdh_ble_observers2$$Limit                0x000347f0   Number         0  main.o(sdh_ble_observers2)
    sdh_ble_observers3$$Base                 0x000347f0   Number         0  main.o(sdh_ble_observers3)
    m_req_obs                                0x000347f8   Data           8  nrf_fstorage_sd.o(sdh_req_observers0)
    sdh_ble_observers3$$Limit                0x000347f8   Number         0  main.o(sdh_ble_observers3)
    sdh_req_observers0$$Base                 0x000347f8   Number         0  nrf_fstorage_sd.o(sdh_req_observers0)
    sdh_req_observers0$$Limit                0x00034800   Number         0  nrf_fstorage_sd.o(sdh_req_observers0)
    sdh_soc_observers0$$Base                 0x00034800   Number         0  nrf_drv_clock.o(sdh_soc_observers0)
    sdh_soc_observers0$$Limit                0x00034818   Number         0  nrf_fstorage_sd.o(sdh_soc_observers0)
    sdh_stack_observers0$$Base               0x00034818   Number         0  nrf_sdh_ble.o(sdh_stack_observers0)
    sdh_stack_observers0$$Limit              0x00034828   Number         0  nrf_sdh_soc.o(sdh_stack_observers0)
    sdh_state_observers0$$Base               0x00034828   Number         0  nrf_drv_clock.o(sdh_state_observers0)
    sdh_state_observers0$$Limit              0x00034840   Number         0  nrf_fstorage_sd.o(sdh_state_observers0)
    Image$$RW_IRAM1$$Base                    0x20002ae8   Number         0  anon$$obj.o ABSOLUTE
    u32_testFlash                            0x20002ae8   Data           4  main.o(.data)
    c                                        0x20002b64   Data           2  main.o(.data)
    nrfx_clock_irq_enabled                   0x20002b88   Data           1  nrfx_clock.o(.data)
    nrfx_power_irq_enabled                   0x20002b8c   Data           1  nrfx_power.o(.data)
    SystemCoreClock                          0x20002d28   Data           4  system_nrf52.o(.data)
    fs_data$$Base                            0x20002d2c   Number         0  flash.o(fs_data)
    fstorage                                 0x20002d2c   Data          20  flash.o(fs_data)
    fs_data$$Limit                           0x20002d40   Number         0  flash.o(fs_data)
    m_ep_feeder_state                        0x2000369c   Data         108  nrfx_usbd.o(.bss)
    m_ep_consumer_state                      0x20003708   Data         108  nrfx_usbd.o(.bss)
    g_extern_serial_number                   0x20003a34   Data          13  app_usbd_serial_num.o(.bss)
    nrf_nvic_state                           0x20003a44   Data          12  app_util_platform.o(.bss)
    _SEGGER_RTT                              0x200040b8   Data         120  segger_rtt.o(.bss)
    STACK$$Base                              0x20004340   Number         0  arm_startup_nrf52840.o(STACK)
    STACK$$Limit                             0x20006340   Number         0  arm_startup_nrf52840.o(STACK)
    __initial_sp                             0x20006340   Data           0  arm_startup_nrf52840.o(STACK)



==============================================================================

Memory Map of the image

  Image Entry point : 0x00027201

  Load Region LR_IROM1 (Base: 0x00027000, Size: 0x0000da98, Max: 0x000d9000, ABSOLUTE, COMPRESSED[0x0000d910])

    Execution Region ER_IROM1 (Base: 0x00027000, Size: 0x0000d840, Max: 0x000d9000, ABSOLUTE)

    Base Addr    Size         Type   Attr      Idx    E Section Name        Object

    0x00027000   0x00000200   Data   RO        26983    RESET               arm_startup_nrf52840.o
    0x00027200   0x00000000   Code   RO        28956  * .ARM.Collect$$$$00000000  mc_w.l(entry.o)
    0x00027200   0x00000004   Code   RO        29266    .ARM.Collect$$$$00000001  mc_w.l(entry2.o)
    0x00027204   0x00000004   Code   RO        29269    .ARM.Collect$$$$00000004  mc_w.l(entry5.o)
    0x00027208   0x00000000   Code   RO        29271    .ARM.Collect$$$$00000008  mc_w.l(entry7b.o)
    0x00027208   0x00000000   Code   RO        29273    .ARM.Collect$$$$0000000A  mc_w.l(entry8b.o)
    0x00027208   0x00000008   Code   RO        29274    .ARM.Collect$$$$0000000B  mc_w.l(entry9a.o)
    0x00027210   0x00000000   Code   RO        29276    .ARM.Collect$$$$0000000D  mc_w.l(entry10a.o)
    0x00027210   0x00000000   Code   RO        29278    .ARM.Collect$$$$0000000F  mc_w.l(entry11a.o)
    0x00027210   0x00000004   Code   RO        29267    .ARM.Collect$$$$00002712  mc_w.l(entry2.o)
    0x00027214   0x000000e2   Code   RO         9680    .emb_text           nrfx_atomic.o
    0x000272f6   0x00000002   PAD
    0x000272f8   0x00000034   Code   RO        24962    .emb_text           hardfault_handler_keil.o
    0x0002732c   0x000000c8   Code   RO        25054    .emb_text           nrf_atfifo.o
    0x000273f4   0x000000e2   Code   RO        25193    .emb_text           nrf_atomic.o
    0x000274d6   0x00000002   PAD
    0x000274d8   0x00000024   Code   RO        26984    .text               arm_startup_nrf52840.o
    0x000274fc   0x0000001e   Code   RO        28959    .text               mc_w.l(llshl.o)
    0x0002751a   0x00000002   PAD
    0x0002751c   0x00000008   Code   RO        28961    .text               mc_w.l(ctype_o.o)
    0x00027524   0x00000024   Code   RO        28989    .text               mc_w.l(memcpya.o)
    0x00027548   0x00000024   Code   RO        28991    .text               mc_w.l(memseta.o)
    0x0002756c   0x00000014   Code   RO        28993    .text               mc_w.l(strchr.o)
    0x00027580   0x0000000e   Code   RO        28995    .text               mc_w.l(strlen.o)
    0x0002758e   0x00000012   Code   RO        28999    .text               mc_w.l(strcpy.o)
    0x000275a0   0x0000001e   Code   RO        29001    .text               mc_w.l(strncmp.o)
    0x000275be   0x00000062   Code   RO        29282    .text               mc_w.l(uldiv.o)
    0x00027620   0x00000024   Code   RO        29295    .text               mc_w.l(init.o)
    0x00027644   0x00000020   Code   RO        29297    .text               mc_w.l(llushr.o)
    0x00027664   0x00000056   Code   RO        29311    .text               mc_w.l(__dczerorl2.o)
    0x000276ba   0x00000002   PAD
    0x000276bc   0x0000007c   Code   RO            4    i.Chenillard        main.o
    0x00027738   0x00000080   Code   RO         2465    i.Com_HdlGetId      protocol.o
    0x000277b8   0x000000c0   Code   RO         9986    i.GPIOTE_IRQHandler  nrfx_gpiote.o
    0x00027878   0x00000230   Code   RO        24984    i.HardFault_c_handler  hardfault_implementation.o
    0x00027aa8   0x00000044   Code   RO        24985    i.HardFault_process  hardfault_implementation.o
    0x00027aec   0x0000000c   Code   RO        10354    i.POWER_CLOCK_IRQHandler  nrfx_power.o
    0x00027af8   0x00000018   Code   RO        24743    i.RTC1_IRQHandler   drv_rtc.o
    0x00027b10   0x00000008   Code   RO        26508    i.SEGGER_RTT_Init   segger_rtt.o
    0x00027b18   0x00000084   Code   RO        26522    i.SEGGER_RTT_WriteNoLock  segger_rtt.o
    0x00027b9c   0x00000008   Code   RO        26760    i.SWI2_EGU2_IRQHandler  nrf_sdh.o
    0x00027ba4   0x00000010   Code   RO        26991    i.SystemCoreClockUpdate  system_nrf52.o
    0x00027bb4   0x00000210   Code   RO        26992    i.SystemInit        system_nrf52.o
    0x00027dc4   0x00000010   Code   RO        10525    i.UARTE0_UART0_IRQHandler  nrfx_prs.o
    0x00027dd4   0x0000008c   Code   RO        11131    i.USBD_IRQHandler   nrfx_usbd.o
    0x00027e60   0x00000070   Code   RO        26526    i._DoInit           segger_rtt.o
    0x00027ed0   0x0000001c   Code   RO        26527    i._GetAvailWriteSpace  segger_rtt.o
    0x00027eec   0x00000036   Code   RO        11132    i._NRFX_IRQ_IS_ENABLED  nrfx_usbd.o
    0x00027f22   0x00000072   Code   RO        26529    i._WriteBlocking    segger_rtt.o
    0x00027f94   0x0000004c   Code   RO        26530    i._WriteNoCheck     segger_rtt.o
    0x00027fe0   0x00000028   Code   RO        29213    i.__0snprintf$8     mc_w.l(printf8.o)
    0x00028008   0x00000028   Code   RO        29214    i.__0sprintf$8      mc_w.l(printf8.o)
    0x00028030   0x00000040   Code   RO        26993    i.__NVIC_SystemReset  system_nrf52.o
    0x00028070   0x0000000e   Code   RO        29305    i.__scatterload_copy  mc_w.l(handlers.o)
    0x0002807e   0x00000002   Code   RO        29306    i.__scatterload_null  mc_w.l(handlers.o)
    0x00028080   0x0000000e   Code   RO        29307    i.__scatterload_zeroinit  mc_w.l(handlers.o)
    0x0002808e   0x00000002   PAD
    0x00028090   0x00000038   Code   RO        26761    i.__sd_nvic_app_accessible_irq  nrf_sdh.o
    0x000280c8   0x0000000c   Code   RO        24665    i.__sd_nvic_irq_disable  app_util_platform.o
    0x000280d4   0x00000410   Code   RO        29219    i._printf_core      mc_w.l(printf8.o)
    0x000284e4   0x00000024   Code   RO        29220    i._printf_post_padding  mc_w.l(printf8.o)
    0x00028508   0x0000002e   Code   RO        29221    i._printf_pre_padding  mc_w.l(printf8.o)
    0x00028536   0x00000016   Code   RO        29222    i._snputc           mc_w.l(printf8.o)
    0x0002854c   0x0000000a   Code   RO        29223    i._sputc            mc_w.l(printf8.o)
    0x00028556   0x00000018   Code   RO         8599    i.addr_is_valid     ble_advertising.o
    0x0002856e   0x00000058   Code   RO         8600    i.adv_mode_next_avail_get  ble_advertising.o
    0x000285c6   0x00000012   Code   RO         8601    i.adv_mode_next_get  ble_advertising.o
    0x000285d8   0x00000012   Code   RO         8602    i.adv_set_data_size_max_get  ble_advertising.o
    0x000285ea   0x00000002   PAD
    0x000285ec   0x00000070   Code   RO            5    i.advertising_init  main.o
    0x0002865c   0x00000024   Code   RO            6    i.advertising_start  main.o
    0x00028680   0x000000bc   Code   RO        13824    i.app_error_fault_handler  app_error_weak.o
    0x0002873c   0x0000001c   Code   RO        13764    i.app_error_handler_bare  app_error.o
    0x00028758   0x00000010   Code   RO        14007    i.app_timer_cnt_get  app_timer2.o
    0x00028768   0x00000028   Code   RO        14008    i.app_timer_create  app_timer2.o
    0x00028790   0x0000006c   Code   RO        14009    i.app_timer_init    app_timer2.o
    0x000287fc   0x0000005e   Code   RO        14012    i.app_timer_start   app_timer2.o
    0x0002885a   0x00000046   Code   RO        14013    i.app_timer_stop    app_timer2.o
    0x000288a0   0x00000022   Code   RO        14246    i.app_usbd_all_call  app_usbd.o
    0x000288c2   0x00000036   Code   RO        14247    i.app_usbd_all_iface_deselect  app_usbd.o
    0x000288f8   0x0000003e   Code   RO        14248    i.app_usbd_all_iface_select_0  app_usbd.o
    0x00028936   0x00000030   Code   RO        14249    i.app_usbd_all_until_served_call  app_usbd.o
    0x00028966   0x00000002   PAD
    0x00028968   0x000000b0   Code   RO        16559    i.app_usbd_cdc_acm_read  app_usbd_cdc_acm.o
    0x00028a18   0x00000010   Code   RO        16561    i.app_usbd_cdc_acm_rx_size  app_usbd_cdc_acm.o
    0x00028a28   0x0000006c   Code   RO        16563    i.app_usbd_cdc_acm_write  app_usbd_cdc_acm.o
    0x00028a94   0x000000b0   Code   RO        14250    i.app_usbd_class_append  app_usbd.o
    0x00028b44   0x00000006   Code   RO        14251    i.app_usbd_class_data_access  app_usbd.o
    0x00028b4a   0x000000c4   Code   RO        14252    i.app_usbd_class_descriptor_find  app_usbd.o
    0x00028c0e   0x00000006   Code   RO        16564    i.app_usbd_class_ep_address_get  app_usbd_cdc_acm.o
    0x00028c14   0x0000000c   Code   RO        14253    i.app_usbd_class_first_get  app_usbd.o
    0x00028c20   0x00000006   Code   RO        14254    i.app_usbd_class_iface_count_get  app_usbd.o
    0x00028c26   0x00000014   Code   RO        14255    i.app_usbd_class_iface_ep_get  app_usbd.o
    0x00028c3a   0x00000014   Code   RO        16565    i.app_usbd_class_iface_ep_get  app_usbd_cdc_acm.o
    0x00028c4e   0x00000020   Code   RO        14256    i.app_usbd_class_iface_get  app_usbd.o
    0x00028c6e   0x0000001a   Code   RO        16566    i.app_usbd_class_iface_get  app_usbd_cdc_acm.o
    0x00028c88   0x00000006   Code   RO        16567    i.app_usbd_class_iface_number_get  app_usbd_cdc_acm.o
    0x00028c8e   0x0000000e   Code   RO        14257    i.app_usbd_class_next_get  app_usbd.o
    0x00028c9c   0x0000000a   Code   RO        18688    i.app_usbd_class_next_get  app_usbd_core.o
    0x00028ca6   0x00000002   PAD
    0x00028ca8   0x00000014   Code   RO        14260    i.app_usbd_class_rwu_enabled_check  app_usbd.o
    0x00028cbc   0x0000000c   Code   RO        14263    i.app_usbd_class_sof_first_get  app_usbd.o
    0x00028cc8   0x0000000c   Code   RO        14264    i.app_usbd_class_sof_interrupt_first_get  app_usbd.o
    0x00028cd4   0x00000010   Code   RO        18689    i.app_usbd_core_ep0_disable  app_usbd_core.o
    0x00028ce4   0x00000010   Code   RO        18690    i.app_usbd_core_ep0_enable  app_usbd_core.o
    0x00028cf4   0x00000138   Code   RO        18691    i.app_usbd_core_event_handler  app_usbd_core.o
    0x00028e2c   0x00000014   Code   RO        14269    i.app_usbd_core_handler_call  app_usbd.o
    0x00028e40   0x00000024   Code   RO        18693    i.app_usbd_core_setup_data_handler_set  app_usbd_core.o
    0x00028e64   0x000000e8   Code   RO        18694    i.app_usbd_core_setup_req_handler  app_usbd_core.o
    0x00028f4c   0x00000074   Code   RO        18695    i.app_usbd_core_setup_rsp  app_usbd_core.o
    0x00028fc0   0x00000010   Code   RO        18696    i.app_usbd_core_setup_transfer_buff_get  app_usbd_core.o
    0x00028fd0   0x00000008   Code   RO        14270    i.app_usbd_disable  app_usbd.o
    0x00028fd8   0x00000008   Code   RO        14271    i.app_usbd_enable   app_usbd.o
    0x00028fe0   0x0000003e   Code   RO        14272    i.app_usbd_ep_call  app_usbd.o
    0x0002901e   0x00000002   PAD
    0x00029020   0x0000002c   Code   RO        14273    i.app_usbd_ep_conf_access  app_usbd.o
    0x0002904c   0x0000000c   Code   RO        14274    i.app_usbd_ep_disable  app_usbd.o
    0x00029058   0x00000020   Code   RO        14275    i.app_usbd_ep_enable  app_usbd.o
    0x00029078   0x0000002c   Code   RO        14276    i.app_usbd_ep_handled_transfer  app_usbd.o
    0x000290a4   0x0000000e   Code   RO        14278    i.app_usbd_ep_instance_get  app_usbd.o
    0x000290b2   0x00000020   Code   RO        14279    i.app_usbd_ep_instance_set  app_usbd.o
    0x000290d2   0x00000002   PAD
    0x000290d4   0x0000002c   Code   RO        14280    i.app_usbd_ep_transfer  app_usbd.o
    0x00029100   0x00000118   Code   RO        14281    i.app_usbd_event_add  app_usbd.o
    0x00029218   0x000002bc   Code   RO        14282    i.app_usbd_event_execute  app_usbd.o
    0x000294d4   0x0000000c   Code   RO        14283    i.app_usbd_event_handler  app_usbd.o
    0x000294e0   0x000000f0   Code   RO        14284    i.app_usbd_event_queue_process  app_usbd.o
    0x000295d0   0x00000010   Code   RO        14285    i.app_usbd_hfclk_ready  app_usbd.o
    0x000295e0   0x00000012   Code   RO        14286    i.app_usbd_iface_call  app_usbd.o
    0x000295f2   0x00000052   Code   RO        14287    i.app_usbd_iface_deselect  app_usbd.o
    0x00029644   0x00000054   Code   RO        14288    i.app_usbd_iface_find  app_usbd.o
    0x00029698   0x00000074   Code   RO        14289    i.app_usbd_iface_select  app_usbd.o
    0x0002970c   0x0000001e   Code   RO        14290    i.app_usbd_iface_selection_get  app_usbd.o
    0x0002972a   0x00000002   PAD
    0x0002972c   0x00000118   Code   RO        14291    i.app_usbd_init     app_usbd.o
    0x00029844   0x0000003c   Code   RO        14293    i.app_usbd_power_event_handler  app_usbd.o
    0x00029880   0x00000034   Code   RO        14294    i.app_usbd_power_events_enable  app_usbd.o
    0x000298b4   0x00000068   Code   RO        22727    i.app_usbd_prepare_string  app_usbd_string_desc.o
    0x0002991c   0x00000040   Code   RO        20766    i.app_usbd_serial_num_generate  app_usbd_serial_num.o
    0x0002995c   0x00000008   Code   RO        16568    i.app_usbd_setup_req_typ  app_usbd_cdc_acm.o
    0x00029964   0x00000008   Code   RO        18698    i.app_usbd_setup_req_typ  app_usbd_core.o
    0x0002996c   0x00000038   Code   RO        14295    i.app_usbd_start    app_usbd.o
    0x000299a4   0x00000014   Code   RO        14296    i.app_usbd_stop     app_usbd.o
    0x000299b8   0x00000068   Code   RO        22728    i.app_usbd_string_desc_get  app_usbd_string_desc.o
    0x00029a20   0x0000003c   Code   RO        14298    i.app_usbd_sustate_with_requested_hfclk  app_usbd.o
    0x00029a5c   0x0000003c   Code   RO        14299    i.app_usbd_sustate_with_running_hfclk  app_usbd.o
    0x00029a98   0x0000000c   Code   RO        24666    i.app_util_critical_region_enter  app_util_platform.o
    0x00029aa4   0x00000048   Code   RO        24667    i.app_util_critical_region_exit  app_util_platform.o
    0x00029aec   0x00000052   Code   RO         8472    i.appearance_encode  ble_advdata.o
    0x00029b3e   0x00000002   PAD
    0x00029b40   0x0000003c   Code   RO        26234    i.backend_id_assign  nrf_log_frontend.o
    0x00029b7c   0x00000014   Code   RO        11133    i.bit2ep            nrfx_usbd.o
    0x00029b90   0x0000006c   Code   RO         9048    i.blcm_link_ctx_get  ble_link_ctx_manager.o
    0x00029bfc   0x0000016c   Code   RO         8474    i.ble_advdata_encode  ble_advdata.o
    0x00029d68   0x00000028   Code   RO         8476    i.ble_advdata_parse  ble_advdata.o
    0x00029d90   0x0000005c   Code   RO         8477    i.ble_advdata_search  ble_advdata.o
    0x00029dec   0x00000006   Code   RO         8604    i.ble_advertising_conn_cfg_tag_set  ble_advertising.o
    0x00029df2   0x00000108   Code   RO         8605    i.ble_advertising_init  ble_advertising.o
    0x00029efa   0x0000003c   Code   RO         8607    i.ble_advertising_on_ble_evt  ble_advertising.o
    0x00029f36   0x00000174   Code   RO         8610    i.ble_advertising_start  ble_advertising.o
    0x0002a0aa   0x00000002   PAD
    0x0002a0ac   0x0000009c   Code   RO         8758    i.ble_conn_params_init  ble_conn_params.o
    0x0002a148   0x00000014   Code   RO         8858    i.ble_conn_state_conn_idx  ble_conn_state.o
    0x0002a15c   0x0000001c   Code   RO         8872    i.ble_conn_state_valid  ble_conn_state.o
    0x0002a178   0x00000076   Code   RO         8480    i.ble_device_addr_encode  ble_advdata.o
    0x0002a1ee   0x00000002   PAD
    0x0002a1f0   0x00000224   Code   RO            8    i.ble_evt_handler   main.o
    0x0002a414   0x00000040   Code   RO         8760    i.ble_evt_handler   ble_conn_params.o
    0x0002a454   0x000000b8   Code   RO         8873    i.ble_evt_handler   ble_conn_state.o
    0x0002a50c   0x00000108   Code   RO         9266    i.ble_nus_init      ble_nus.o
    0x0002a614   0x00000044   Code   RO         9267    i.ble_nus_on_ble_evt  ble_nus.o
    0x0002a658   0x00000012   Code   RO         9074    i.ble_srv_is_notification_enabled  ble_srv_common.o
    0x0002a66a   0x00000056   Code   RO            9    i.ble_stack_init    main.o
    0x0002a6c0   0x000000e8   Code   RO        26235    i.buf_prealloc      nrf_log_frontend.o
    0x0002a7a8   0x0000002c   Code   RO        25418    i.buffer_add        nrf_fprintf_format.o
    0x0002a7d4   0x00000018   Code   RO        26236    i.buffer_is_empty   nrf_log_frontend.o
    0x0002a7ec   0x0000003e   Code   RO        16569    i.cdc_acm_consumer  app_usbd_cdc_acm.o
    0x0002a82a   0x00000008   Code   RO        16570    i.cdc_acm_ctx_get   app_usbd_cdc_acm.o
    0x0002a832   0x00000076   Code   RO        16571    i.cdc_acm_endpoint_ev  app_usbd_cdc_acm.o
    0x0002a8a8   0x0000006a   Code   RO        16572    i.cdc_acm_event_handler  app_usbd_cdc_acm.o
    0x0002a912   0x00000002   PAD
    0x0002a914   0x00000cf8   Code   RO        16573    i.cdc_acm_feed_descriptors  app_usbd_cdc_acm.o
    0x0002b60c   0x0000003a   Code   RO        16574    i.cdc_acm_req_out_data_cb  app_usbd_cdc_acm.o
    0x0002b646   0x00000002   PAD
    0x0002b648   0x00000074   Code   RO        16575    i.cdc_acm_req_out_datastage  app_usbd_cdc_acm.o
    0x0002b6bc   0x0000002c   Code   RO        16576    i.cdc_acm_reset_port  app_usbd_cdc_acm.o
    0x0002b6e8   0x00000120   Code   RO        16577    i.cdc_acm_rx_block_finished  app_usbd_cdc_acm.o
    0x0002b808   0x00000026   Code   RO        16579    i.cdc_acm_single_shoot_consumer  app_usbd_cdc_acm.o
    0x0002b82e   0x00000002   PAD
    0x0002b830   0x000001cc   Code   RO           10    i.cdc_acm_user_ev_handler  main.o
    0x0002b9fc   0x00000010   Code   RO         9988    i.channel_handler_get  nrfx_gpiote.o
    0x0002ba0c   0x0000000c   Code   RO         9990    i.channel_port_get  nrfx_gpiote.o
    0x0002ba18   0x000001c8   Code   RO         9076    i.characteristic_add  ble_srv_common.o
    0x0002bbe0   0x00000012   Code   RO        14302    i.class_event_handler  app_usbd.o
    0x0002bbf2   0x00000002   PAD
    0x0002bbf4   0x00000030   Code   RO         9328    i.clock_clk_started_notify  nrf_drv_clock.o
    0x0002bc24   0x00000028   Code   RO         9329    i.clock_irq_handler  nrf_drv_clock.o
    0x0002bc4c   0x00000020   Code   RO        16580    i.comm_ep_in_addr_get  app_usbd_cdc_acm.o
    0x0002bc6c   0x00000026   Code   RO        14015    i.compare_func      app_timer2.o
    0x0002bc92   0x00000018   Code   RO         8612    i.config_is_valid   ble_advertising.o
    0x0002bcaa   0x0000003c   Code   RO         8874    i.conn_handle_list_get  ble_conn_state.o
    0x0002bce6   0x0000005a   Code   RO         8481    i.conn_int_check    ble_advdata.o
    0x0002bd40   0x00000068   Code   RO         8482    i.conn_int_encode   ble_advdata.o
    0x0002bda8   0x00000010   Code   RO           11    i.conn_params_error_handler  main.o
    0x0002bdb8   0x00000058   Code   RO           12    i.conn_params_init  main.o
    0x0002be10   0x00000054   Code   RO         8761    i.conn_params_negotiation  ble_conn_params.o
    0x0002be64   0x00000020   Code   RO        16581    i.data_ep_in_addr_get  app_usbd_cdc_acm.o
    0x0002be84   0x00000020   Code   RO        16582    i.data_ep_out_addr_get  app_usbd_cdc_acm.o
    0x0002bea4   0x00000130   Code   RO         9143    i.data_length_update  nrf_ble_gatt.o
    0x0002bfd4   0x00000018   Code   RO        26237    i.dropped_sat16_get  nrf_log_frontend.o
    0x0002bfec   0x00000016   Code   RO        24744    i.drv_rtc_compare_disable  drv_rtc.o
    0x0002c002   0x0000001a   Code   RO        24747    i.drv_rtc_compare_pending  drv_rtc.o
    0x0002c01c   0x0000005c   Code   RO        24748    i.drv_rtc_compare_set  drv_rtc.o
    0x0002c078   0x0000000c   Code   RO        24749    i.drv_rtc_counter_get  drv_rtc.o
    0x0002c084   0x00000128   Code   RO        24750    i.drv_rtc_init      drv_rtc.o
    0x0002c1ac   0x00000024   Code   RO        24751    i.drv_rtc_irq_trigger  drv_rtc.o
    0x0002c1d0   0x00000012   Code   RO        24753    i.drv_rtc_overflow_enable  drv_rtc.o
    0x0002c1e2   0x00000010   Code   RO        24754    i.drv_rtc_overflow_pending  drv_rtc.o
    0x0002c1f2   0x0000000e   Code   RO        24755    i.drv_rtc_start     drv_rtc.o
    0x0002c200   0x0000000e   Code   RO        24756    i.drv_rtc_stop      drv_rtc.o
    0x0002c20e   0x000000fc   Code   RO        24761    i.drv_rtc_windowed_compare_set  drv_rtc.o
    0x0002c30a   0x0000001a   Code   RO        11134    i.ep2bit            nrfx_usbd.o
    0x0002c324   0x00000020   Code   RO        11135    i.ep_state_access   nrfx_usbd.o
    0x0002c344   0x00000058   Code   RO        25940    i.erase             nrf_fstorage_sd.o
    0x0002c39c   0x0000000e   Code   RO        25941    i.erase_execute     nrf_fstorage_sd.o
    0x0002c3aa   0x00000008   Code   RO        11136    i.ev_dma_epin0_handler  nrfx_usbd.o
    0x0002c3b2   0x0000000a   Code   RO        11137    i.ev_dma_epin1_handler  nrfx_usbd.o
    0x0002c3bc   0x0000000a   Code   RO        11138    i.ev_dma_epin2_handler  nrfx_usbd.o
    0x0002c3c6   0x0000000a   Code   RO        11139    i.ev_dma_epin3_handler  nrfx_usbd.o
    0x0002c3d0   0x0000000a   Code   RO        11140    i.ev_dma_epin4_handler  nrfx_usbd.o
    0x0002c3da   0x0000000a   Code   RO        11141    i.ev_dma_epin5_handler  nrfx_usbd.o
    0x0002c3e4   0x0000000a   Code   RO        11142    i.ev_dma_epin6_handler  nrfx_usbd.o
    0x0002c3ee   0x0000000a   Code   RO        11143    i.ev_dma_epin7_handler  nrfx_usbd.o
    0x0002c3f8   0x0000000a   Code   RO        11144    i.ev_dma_epin8_handler  nrfx_usbd.o
    0x0002c402   0x00000008   Code   RO        11145    i.ev_dma_epout0_handler  nrfx_usbd.o
    0x0002c40a   0x0000000a   Code   RO        11146    i.ev_dma_epout1_handler  nrfx_usbd.o
    0x0002c414   0x0000000a   Code   RO        11147    i.ev_dma_epout2_handler  nrfx_usbd.o
    0x0002c41e   0x0000000a   Code   RO        11148    i.ev_dma_epout3_handler  nrfx_usbd.o
    0x0002c428   0x0000000a   Code   RO        11149    i.ev_dma_epout4_handler  nrfx_usbd.o
    0x0002c432   0x0000000a   Code   RO        11150    i.ev_dma_epout5_handler  nrfx_usbd.o
    0x0002c43c   0x0000000a   Code   RO        11151    i.ev_dma_epout6_handler  nrfx_usbd.o
    0x0002c446   0x0000000a   Code   RO        11152    i.ev_dma_epout7_handler  nrfx_usbd.o
    0x0002c450   0x00000054   Code   RO        11153    i.ev_dma_epout8_handler  nrfx_usbd.o
    0x0002c4a4   0x0000006c   Code   RO        11154    i.ev_epdata_handler  nrfx_usbd.o
    0x0002c510   0x0000001c   Code   RO        11155    i.ev_setup_data_handler  nrfx_usbd.o
    0x0002c52c   0x000000a4   Code   RO        11156    i.ev_setup_handler  nrfx_usbd.o
    0x0002c5d0   0x00000070   Code   RO        11157    i.ev_sof_handler    nrfx_usbd.o
    0x0002c640   0x00000002   Code   RO        11158    i.ev_started_handler  nrfx_usbd.o
    0x0002c642   0x00000002   PAD
    0x0002c644   0x000000b4   Code   RO        11159    i.ev_usbevent_handler  nrfx_usbd.o
    0x0002c6f8   0x0000002c   Code   RO        11160    i.ev_usbreset_handler  nrfx_usbd.o
    0x0002c724   0x00000068   Code   RO        25942    i.event_send        nrf_fstorage_sd.o
    0x0002c78c   0x00000018   Code   RO        24762    i.evt_disable       drv_rtc.o
    0x0002c7a4   0x0000001c   Code   RO        24763    i.evt_enable        drv_rtc.o
    0x0002c7c0   0x0000001c   Code   RO        24764    i.evt_pending       drv_rtc.o
    0x0002c7dc   0x0000001e   Code   RO         8875    i.flag_toggle       ble_conn_state.o
    0x0002c7fa   0x00000036   Code   RO         8483    i.flags_encode      ble_advdata.o
    0x0002c830   0x0000002c   Code   RO         8613    i.flags_set         ble_advertising.o
    0x0002c85c   0x000000e0   Code   RO         4456    i.fstorage_evt_handler  flash.o
    0x0002c93c   0x0000008c   Code   RO           13    i.gap_params_init   main.o
    0x0002c9c8   0x000000c0   Code   RO           14    i.gatt_evt_handler  main.o
    0x0002ca88   0x00000044   Code   RO           15    i.gatt_init         main.o
    0x0002cacc   0x0000003c   Code   RO        14016    i.get_now           app_timer2.o
    0x0002cb08   0x00000002   Code   RO           16    i.handler_100ms     main.o
    0x0002cb0a   0x00000014   Code   RO         9330    i.hfclk_start       nrf_drv_clock.o
    0x0002cb1e   0x00000002   PAD
    0x0002cb20   0x00000024   Code   RO         9331    i.hfclk_stop        nrf_drv_clock.o
    0x0002cb44   0x0000000c   Code   RO           17    i.idle_state_handle  main.o
    0x0002cb50   0x0000003c   Code   RO        25943    i.init              nrf_fstorage_sd.o
    0x0002cb8c   0x0000004c   Code   RO           18    i.init_hardware     main.o
    0x0002cbd8   0x0000002c   Code   RO         8762    i.instance_get      ble_conn_params.o
    0x0002cc04   0x000000be   Code   RO        25419    i.int_print         nrf_fprintf_format.o
    0x0002ccc2   0x00000046   Code   RO        26239    i.invalid_packets_omit  nrf_log_frontend.o
    0x0002cd08   0x00000014   Code   RO        25944    i.is_busy           nrf_fstorage_sd.o
    0x0002cd1c   0x00000072   Code   RO         8763    i.is_conn_params_ok  ble_conn_params.o
    0x0002cd8e   0x0000000c   Code   RO         9332    i.item_dequeue      nrf_drv_clock.o
    0x0002cd9a   0x00000022   Code   RO         9333    i.item_enqueue      nrf_drv_clock.o
    0x0002cdbc   0x00000026   Code   RO         9991    i.latch_pending_read_and_check  nrfx_gpiote.o
    0x0002cde2   0x00000002   PAD
    0x0002cde4   0x00000018   Code   RO         9334    i.lfclk_stop        nrf_drv_clock.o
    0x0002cdfc   0x00000016   Code   RO         9144    i.link_init         nrf_ble_gatt.o
    0x0002ce12   0x00000026   Code   RO           19    i.log_init          main.o
    0x0002ce38   0x00000002   Code   RO        26240    i.log_pending_hook  nrf_log_frontend.o
    0x0002ce3a   0x00000002   PAD
    0x0002ce3c   0x000000cc   Code   RO        26241    i.log_skip          nrf_log_frontend.o
    0x0002cf08   0x00000100   Code   RO           20    i.main              main.o
    0x0002d008   0x00000076   Code   RO         8484    i.manuf_specific_data_encode  ble_advdata.o
    0x0002d07e   0x000000ca   Code   RO        25463    i.memobj_op         nrf_memobj.o
    0x0002d148   0x00000038   Code   RO        26242    i.module_idx_get    nrf_log_frontend.o
    0x0002d180   0x000000c8   Code   RO         8485    i.name_encode       ble_advdata.o
    0x0002d248   0x00000044   Code   RO        27076    i.nrf52_errata_103  system_nrf52.o
    0x0002d28c   0x00000044   Code   RO        27087    i.nrf52_errata_115  system_nrf52.o
    0x0002d2d0   0x00000044   Code   RO        27093    i.nrf52_errata_120  system_nrf52.o
    0x0002d314   0x00000044   Code   RO        27103    i.nrf52_errata_136  system_nrf52.o
    0x0002d358   0x00000044   Code   RO        11294    i.nrf52_errata_166  nrfx_usbd.o
    0x0002d39c   0x00000044   Code   RO        11297    i.nrf52_errata_171  nrfx_usbd.o
    0x0002d3e0   0x00000044   Code   RO        11310    i.nrf52_errata_187  nrfx_usbd.o
    0x0002d424   0x00000044   Code   RO        11321    i.nrf52_errata_199  nrfx_usbd.o
    0x0002d468   0x00000004   Code   RO        11341    i.nrf52_errata_223  nrfx_usbd.o
    0x0002d46c   0x00000044   Code   RO        27191    i.nrf52_errata_249  system_nrf52.o
    0x0002d4b0   0x00000044   Code   RO        27206    i.nrf52_errata_36   system_nrf52.o
    0x0002d4f4   0x00000044   Code   RO        27229    i.nrf52_errata_66   system_nrf52.o
    0x0002d538   0x00000044   Code   RO        27256    i.nrf52_errata_98   system_nrf52.o
    0x0002d57c   0x00000016   Code   RO        25056    i.nrf_atfifo_clear  nrf_atfifo.o
    0x0002d592   0x00000028   Code   RO        25058    i.nrf_atfifo_init   nrf_atfifo.o
    0x0002d5ba   0x0000001c   Code   RO        25059    i.nrf_atfifo_item_alloc  nrf_atfifo.o
    0x0002d5d6   0x0000001c   Code   RO        25060    i.nrf_atfifo_item_free  nrf_atfifo.o
    0x0002d5f2   0x0000001c   Code   RO        25061    i.nrf_atfifo_item_get  nrf_atfifo.o
    0x0002d60e   0x0000001c   Code   RO        25062    i.nrf_atfifo_item_put  nrf_atfifo.o
    0x0002d62a   0x0000001e   Code   RO        25127    i.nrf_atflags_clear  nrf_atflags.o
    0x0002d648   0x0000001e   Code   RO        25132    i.nrf_atflags_get   nrf_atflags.o
    0x0002d666   0x0000001e   Code   RO        25134    i.nrf_atflags_set   nrf_atflags.o
    0x0002d684   0x0000000e   Code   RO        25195    i.nrf_atomic_flag_clear_fetch  nrf_atomic.o
    0x0002d692   0x0000000e   Code   RO        25196    i.nrf_atomic_flag_set  nrf_atomic.o
    0x0002d6a0   0x0000000e   Code   RO        25197    i.nrf_atomic_flag_set_fetch  nrf_atomic.o
    0x0002d6ae   0x00000016   Code   RO        25198    i.nrf_atomic_u32_add  nrf_atomic.o
    0x0002d6c4   0x00000016   Code   RO        25199    i.nrf_atomic_u32_and  nrf_atomic.o
    0x0002d6da   0x00000016   Code   RO        25202    i.nrf_atomic_u32_fetch_and  nrf_atomic.o
    0x0002d6f0   0x00000016   Code   RO        25203    i.nrf_atomic_u32_fetch_or  nrf_atomic.o
    0x0002d706   0x00000016   Code   RO        25204    i.nrf_atomic_u32_fetch_store  nrf_atomic.o
    0x0002d71c   0x00000016   Code   RO        25208    i.nrf_atomic_u32_or  nrf_atomic.o
    0x0002d732   0x00000016   Code   RO        25210    i.nrf_atomic_u32_sub  nrf_atomic.o
    0x0002d748   0x00000016   Code   RO        25211    i.nrf_atomic_u32_sub_hs  nrf_atomic.o
    0x0002d75e   0x00000052   Code   RO        25332    i.nrf_balloc_alloc  nrf_balloc.o
    0x0002d7b0   0x00000010   Code   RO        25333    i.nrf_balloc_block2idx  nrf_balloc.o
    0x0002d7c0   0x00000030   Code   RO        25334    i.nrf_balloc_free   nrf_balloc.o
    0x0002d7f0   0x0000000c   Code   RO        25335    i.nrf_balloc_idx2block  nrf_balloc.o
    0x0002d7fc   0x0000003c   Code   RO        25336    i.nrf_balloc_init   nrf_balloc.o
    0x0002d838   0x00000016   Code   RO         9992    i.nrf_bitmask_bit_is_set  nrfx_gpiote.o
    0x0002d84e   0x0000001e   Code   RO         9146    i.nrf_ble_gatt_att_mtu_periph_set  nrf_ble_gatt.o
    0x0002d86c   0x00000034   Code   RO         9150    i.nrf_ble_gatt_init  nrf_ble_gatt.o
    0x0002d8a0   0x0000012c   Code   RO         9151    i.nrf_ble_gatt_on_ble_evt  nrf_ble_gatt.o
    0x0002d9cc   0x00000012   Code   RO         9822    i.nrf_clock_event_check  nrfx_clock.o
    0x0002d9de   0x00000012   Code   RO         9823    i.nrf_clock_event_clear  nrfx_clock.o
    0x0002d9f0   0x0000000c   Code   RO         9824    i.nrf_clock_int_disable  nrfx_clock.o
    0x0002d9fc   0x0000000c   Code   RO         9825    i.nrf_clock_int_enable  nrfx_clock.o
    0x0002da08   0x00000008   Code   RO         9826    i.nrf_clock_task_trigger  nrfx_clock.o
    0x0002da10   0x00000030   Code   RO         9338    i.nrf_drv_clock_hfclk_release  nrf_drv_clock.o
    0x0002da40   0x0000006c   Code   RO         9339    i.nrf_drv_clock_hfclk_request  nrf_drv_clock.o
    0x0002daac   0x0000004c   Code   RO         9340    i.nrf_drv_clock_init  nrf_drv_clock.o
    0x0002daf8   0x00000030   Code   RO         9344    i.nrf_drv_clock_lfclk_release  nrf_drv_clock.o
    0x0002db28   0x00000038   Code   RO         9502    i.nrf_drv_power_init  nrf_drv_power.o
    0x0002db60   0x00000078   Code   RO         9504    i.nrf_drv_power_on_sd_disable  nrf_drv_power.o
    0x0002dbd8   0x00000034   Code   RO         9505    i.nrf_drv_power_on_sd_enable  nrf_drv_power.o
    0x0002dc0c   0x00000026   Code   RO         9508    i.nrf_drv_power_sd_usbevt_enable  nrf_drv_power.o
    0x0002dc32   0x00000046   Code   RO         9509    i.nrf_drv_power_sdh_soc_evt_handler  nrf_drv_power.o
    0x0002dc78   0x00000022   Code   RO         9510    i.nrf_drv_power_sdh_state_evt_handler  nrf_drv_power.o
    0x0002dc9a   0x0000004c   Code   RO         9514    i.nrf_drv_power_usbevt_init  nrf_drv_power.o
    0x0002dce6   0x0000002e   Code   RO         9515    i.nrf_drv_power_usbevt_uninit  nrf_drv_power.o
    0x0002dd14   0x0000002a   Code   RO        25379    i.nrf_fprintf       nrf_fprintf.o
    0x0002dd3e   0x0000001c   Code   RO        25380    i.nrf_fprintf_buffer_flush  nrf_fprintf.o
    0x0002dd5a   0x000001f0   Code   RO        25420    i.nrf_fprintf_fmt   nrf_fprintf_format.o
    0x0002df4a   0x00000002   PAD
    0x0002df4c   0x0000001c   Code   RO        25945    i.nrf_fstorage_sdh_req_handler  nrf_fstorage_sd.o
    0x0002df68   0x0000002c   Code   RO        25946    i.nrf_fstorage_sdh_state_handler  nrf_fstorage_sd.o
    0x0002df94   0x0000008c   Code   RO        25947    i.nrf_fstorage_sys_evt_handler  nrf_fstorage_sd.o
    0x0002e020   0x00000034   Code   RO          402    i.nrf_gpio_cfg      main.o
    0x0002e054   0x00000018   Code   RO          403    i.nrf_gpio_cfg_output  main.o
    0x0002e06c   0x0000003a   Code   RO         9995    i.nrf_gpio_cfg_sense_set  nrfx_gpiote.o
    0x0002e0a6   0x00000002   PAD
    0x0002e0a8   0x00000034   Code   RO         9996    i.nrf_gpio_latches_read_and_clear  nrfx_gpiote.o
    0x0002e0dc   0x0000001a   Code   RO          404    i.nrf_gpio_pin_clear  main.o
    0x0002e0f6   0x00000002   PAD
    0x0002e0f8   0x00000020   Code   RO          405    i.nrf_gpio_pin_port_decode  main.o
    0x0002e118   0x00000020   Code   RO         9998    i.nrf_gpio_pin_port_decode  nrfx_gpiote.o
    0x0002e138   0x0000000c   Code   RO        10002    i.nrf_gpiote_event_addr_get  nrfx_gpiote.o
    0x0002e144   0x0000001c   Code   RO        10003    i.nrf_gpiote_event_clear  nrfx_gpiote.o
    0x0002e160   0x00000016   Code   RO        10004    i.nrf_gpiote_event_is_set  nrfx_gpiote.o
    0x0002e176   0x00000002   PAD
    0x0002e178   0x00000054   Code   RO        26243    i.nrf_log_backend_add  nrf_log_frontend.o
    0x0002e1cc   0x00000002   Code   RO        26075    i.nrf_log_backend_rtt_flush  nrf_log_backend_rtt.o
    0x0002e1ce   0x00000008   Code   RO        26076    i.nrf_log_backend_rtt_init  nrf_log_backend_rtt.o
    0x0002e1d6   0x00000002   Code   RO        26077    i.nrf_log_backend_rtt_panic_set  nrf_log_backend_rtt.o
    0x0002e1d8   0x00000020   Code   RO        26078    i.nrf_log_backend_rtt_put  nrf_log_backend_rtt.o
    0x0002e1f8   0x000000f2   Code   RO        26146    i.nrf_log_backend_serial_put  nrf_log_backend_serial.o
    0x0002e2ea   0x00000002   PAD
    0x0002e2ec   0x00000038   Code   RO        26245    i.nrf_log_color_id_get  nrf_log_frontend.o
    0x0002e324   0x00000028   Code   RO        26198    i.nrf_log_default_backends_init  nrf_log_default_backends.o
    0x0002e34c   0x0000031c   Code   RO        26246    i.nrf_log_frontend_dequeue  nrf_log_frontend.o
    0x0002e668   0x000000ec   Code   RO        26247    i.nrf_log_frontend_hexdump  nrf_log_frontend.o
    0x0002e754   0x00000014   Code   RO        26248    i.nrf_log_frontend_std_0  nrf_log_frontend.o
    0x0002e768   0x00000018   Code   RO        26249    i.nrf_log_frontend_std_1  nrf_log_frontend.o
    0x0002e780   0x00000020   Code   RO        26250    i.nrf_log_frontend_std_2  nrf_log_frontend.o
    0x0002e7a0   0x00000028   Code   RO        26251    i.nrf_log_frontend_std_3  nrf_log_frontend.o
    0x0002e7c8   0x0000002c   Code   RO        26252    i.nrf_log_frontend_std_4  nrf_log_frontend.o
    0x0002e7f4   0x000000bc   Code   RO        26444    i.nrf_log_hexdump_entry_process  nrf_log_str_formatter.o
    0x0002e8b0   0x00000048   Code   RO        26255    i.nrf_log_init      nrf_log_frontend.o
    0x0002e8f8   0x00000014   Code   RO        26256    i.nrf_log_module_cnt_get  nrf_log_frontend.o
    0x0002e90c   0x00000024   Code   RO        26260    i.nrf_log_module_name_get  nrf_log_frontend.o
    0x0002e930   0x00000034   Code   RO        26261    i.nrf_log_panic     nrf_log_frontend.o
    0x0002e964   0x000000c8   Code   RO        26445    i.nrf_log_std_entry_process  nrf_log_str_formatter.o
    0x0002ea2c   0x0000007a   Code   RO        25464    i.nrf_memobj_alloc  nrf_memobj.o
    0x0002eaa6   0x00000040   Code   RO        25465    i.nrf_memobj_free   nrf_memobj.o
    0x0002eae6   0x00000010   Code   RO        25466    i.nrf_memobj_get    nrf_memobj.o
    0x0002eaf6   0x0000000c   Code   RO        25467    i.nrf_memobj_pool_init  nrf_memobj.o
    0x0002eb02   0x0000001e   Code   RO        25468    i.nrf_memobj_put    nrf_memobj.o
    0x0002eb20   0x00000022   Code   RO        25469    i.nrf_memobj_read   nrf_memobj.o
    0x0002eb42   0x00000022   Code   RO        25470    i.nrf_memobj_write  nrf_memobj.o
    0x0002eb64   0x00000012   Code   RO        10355    i.nrf_power_event_clear  nrfx_power.o
    0x0002eb76   0x00000024   Code   RO        10356    i.nrf_power_event_get_and_clear  nrfx_power.o
    0x0002eb9a   0x00000002   PAD
    0x0002eb9c   0x0000000c   Code   RO        10357    i.nrf_power_int_disable  nrfx_power.o
    0x0002eba8   0x0000000c   Code   RO         9516    i.nrf_power_int_enable  nrf_drv_power.o
    0x0002ebb4   0x0000000c   Code   RO        10358    i.nrf_power_int_enable  nrfx_power.o
    0x0002ebc0   0x0000001c   Code   RO        25629    i.nrf_ringbuf_init  nrf_ringbuf.o
    0x0002ebdc   0x0000000c   Code   RO        24765    i.nrf_rtc_cc_get    drv_rtc.o
    0x0002ebe8   0x0000000a   Code   RO        24766    i.nrf_rtc_cc_set    drv_rtc.o
    0x0002ebf2   0x00000008   Code   RO        24767    i.nrf_rtc_counter_get  drv_rtc.o
    0x0002ebfa   0x0000000e   Code   RO        24768    i.nrf_rtc_event_clear  drv_rtc.o
    0x0002ec08   0x00000006   Code   RO        24769    i.nrf_rtc_event_disable  drv_rtc.o
    0x0002ec0e   0x00000006   Code   RO        24770    i.nrf_rtc_event_enable  drv_rtc.o
    0x0002ec14   0x00000006   Code   RO        24771    i.nrf_rtc_int_disable  drv_rtc.o
    0x0002ec1a   0x00000006   Code   RO        24772    i.nrf_rtc_int_enable  drv_rtc.o
    0x0002ec20   0x00000006   Code   RO        24773    i.nrf_rtc_task_trigger  drv_rtc.o
    0x0002ec26   0x00000002   PAD
    0x0002ec28   0x00000018   Code   RO        26891    i.nrf_sdh_ble_app_ram_start_get  nrf_sdh_ble.o
    0x0002ec40   0x0000019c   Code   RO        26892    i.nrf_sdh_ble_default_cfg_set  nrf_sdh_ble.o
    0x0002eddc   0x0000014c   Code   RO        26893    i.nrf_sdh_ble_enable  nrf_sdh_ble.o
    0x0002ef28   0x00000074   Code   RO        26894    i.nrf_sdh_ble_evts_poll  nrf_sdh_ble.o
    0x0002ef9c   0x00000064   Code   RO        26762    i.nrf_sdh_disable_request  nrf_sdh.o
    0x0002f000   0x00000084   Code   RO        26763    i.nrf_sdh_enable_request  nrf_sdh.o
    0x0002f084   0x00000030   Code   RO        26764    i.nrf_sdh_evts_poll  nrf_sdh.o
    0x0002f0b4   0x0000000c   Code   RO        26765    i.nrf_sdh_is_enabled  nrf_sdh.o
    0x0002f0c0   0x00000028   Code   RO        26767    i.nrf_sdh_request_continue  nrf_sdh.o
    0x0002f0e8   0x00000054   Code   RO        26950    i.nrf_sdh_soc_evts_poll  nrf_sdh_soc.o
    0x0002f13c   0x00000006   Code   RO        26770    i.nrf_section_iter_get  nrf_sdh.o
    0x0002f142   0x00000014   Code   RO        25687    i.nrf_section_iter_init  nrf_section_iter.o
    0x0002f156   0x0000002e   Code   RO        25688    i.nrf_section_iter_item_set  nrf_section_iter.o
    0x0002f184   0x0000002e   Code   RO        25689    i.nrf_section_iter_next  nrf_section_iter.o
    0x0002f1b2   0x00000028   Code   RO        25722    i.nrf_sortlist_add  nrf_sortlist.o
    0x0002f1da   0x00000008   Code   RO        25724    i.nrf_sortlist_peek  nrf_sortlist.o
    0x0002f1e2   0x00000018   Code   RO        25725    i.nrf_sortlist_pop  nrf_sortlist.o
    0x0002f1fa   0x00000026   Code   RO        25726    i.nrf_sortlist_remove  nrf_sortlist.o
    0x0002f220   0x00000040   Code   RO        25778    i.nrf_strerror_find  nrf_strerror.o
    0x0002f260   0x0000001c   Code   RO        25779    i.nrf_strerror_get  nrf_strerror.o
    0x0002f27c   0x0000002c   Code   RO        11542    i.nrf_usbd_disable  nrfx_usbd.o
    0x0002f2a8   0x0000004c   Code   RO        11543    i.nrf_usbd_ep0in_dma_handler  nrfx_usbd.o
    0x0002f2f4   0x00000068   Code   RO        11544    i.nrf_usbd_ep0out_dma_handler  nrfx_usbd.o
    0x0002f35c   0x00000070   Code   RO        11545    i.nrf_usbd_ep_easydma_set  nrfx_usbd.o
    0x0002f3cc   0x0000003c   Code   RO        11546    i.nrf_usbd_ep_enable_check  nrfx_usbd.o
    0x0002f408   0x0000004c   Code   RO        11547    i.nrf_usbd_epin_dma_handler  nrfx_usbd.o
    0x0002f454   0x00000068   Code   RO        11548    i.nrf_usbd_epiniso_dma_handler  nrfx_usbd.o
    0x0002f4bc   0x0000006c   Code   RO        11549    i.nrf_usbd_epout_dma_handler  nrfx_usbd.o
    0x0002f528   0x00000018   Code   RO        11550    i.nrf_usbd_event_check  nrfx_usbd.o
    0x0002f540   0x00000042   Code   RO        11551    i.nrf_usbd_event_get_and_clear  nrfx_usbd.o
    0x0002f582   0x00000002   PAD
    0x0002f584   0x0000002c   Code   RO        11552    i.nrf_usbd_eventcause_clear  nrfx_usbd.o
    0x0002f5b0   0x0000000c   Code   RO        11553    i.nrf_usbd_eventcause_get  nrfx_usbd.o
    0x0002f5bc   0x0000000c   Code   RO        11554    i.nrf_usbd_getRegPtr  nrfx_usbd.o
    0x0002f5c8   0x0000000c   Code   RO        11555    i.nrf_usbd_int_disable  nrfx_usbd.o
    0x0002f5d4   0x0000000c   Code   RO        11556    i.nrf_usbd_int_enable  nrfx_usbd.o
    0x0002f5e0   0x00000014   Code   RO        11557    i.nrf_usbd_lowpower_check  nrfx_usbd.o
    0x0002f5f4   0x00000030   Code   RO        11558    i.nrf_usbd_task_trigger  nrfx_usbd.o
    0x0002f624   0x00000014   Code   RO         9347    i.nrf_wdt_started   nrf_drv_clock.o
    0x0002f638   0x00000016   Code   RO         9689    i.nrfx_atomic_u32_fetch_and  nrfx_atomic.o
    0x0002f64e   0x00000002   PAD
    0x0002f650   0x0000001c   Code   RO         9831    i.nrfx_clock_enable  nrfx_clock.o
    0x0002f66c   0x00000018   Code   RO         9832    i.nrfx_clock_hfclk_start  nrfx_clock.o
    0x0002f684   0x00000044   Code   RO         9833    i.nrfx_clock_hfclk_stop  nrfx_clock.o
    0x0002f6c8   0x00000024   Code   RO         9834    i.nrfx_clock_init   nrfx_clock.o
    0x0002f6ec   0x00000054   Code   RO         9835    i.nrfx_clock_irq_handler  nrfx_clock.o
    0x0002f740   0x0000002c   Code   RO         9838    i.nrfx_clock_lfclk_stop  nrfx_clock.o
    0x0002f76c   0x00000018   Code   RO        24774    i.nrfx_coredep_delay_us  drv_rtc.o
    0x0002f784   0x00000008   Code   RO         9840    i.nrfx_get_irq_number  nrfx_clock.o
    0x0002f78c   0x00000008   Code   RO        10360    i.nrfx_get_irq_number  nrfx_power.o
    0x0002f794   0x000000b0   Code   RO         9841    i.nrfx_power_clock_irq_init  nrfx_clock.o
    0x0002f844   0x000000b0   Code   RO        10361    i.nrfx_power_clock_irq_init  nrfx_power.o
    0x0002f8f4   0x00000040   Code   RO        10362    i.nrfx_power_init   nrfx_power.o
    0x0002f934   0x000000ac   Code   RO        10363    i.nrfx_power_irq_handler  nrfx_power.o
    0x0002f9e0   0x0000000c   Code   RO        10366    i.nrfx_power_pof_handler_get  nrfx_power.o
    0x0002f9ec   0x0000000c   Code   RO        10374    i.nrfx_power_usb_handler_get  nrfx_power.o
    0x0002f9f8   0x0000000c   Code   RO        10375    i.nrfx_power_usbevt_disable  nrfx_power.o
    0x0002fa04   0x0000000c   Code   RO        10376    i.nrfx_power_usbevt_enable  nrfx_power.o
    0x0002fa10   0x00000018   Code   RO        10377    i.nrfx_power_usbevt_init  nrfx_power.o
    0x0002fa28   0x0000000c   Code   RO        10378    i.nrfx_power_usbevt_uninit  nrfx_power.o
    0x0002fa34   0x00000010   Code   RO        11559    i.nrfx_usbd_active_irq_config  nrfx_usbd.o
    0x0002fa44   0x00000038   Code   RO        11561    i.nrfx_usbd_consumer  nrfx_usbd.o
    0x0002fa7c   0x0000002c   Code   RO        11562    i.nrfx_usbd_disable  nrfx_usbd.o
    0x0002faa8   0x000000c0   Code   RO        11563    i.nrfx_usbd_enable  nrfx_usbd.o
    0x0002fb68   0x0000000c   Code   RO        11564    i.nrfx_usbd_ep_abort  nrfx_usbd.o
    0x0002fb74   0x00000074   Code   RO        11566    i.nrfx_usbd_ep_disable  nrfx_usbd.o
    0x0002fbe8   0x0000004c   Code   RO        11567    i.nrfx_usbd_ep_dtoggle_clear  nrfx_usbd.o
    0x0002fc34   0x000000c0   Code   RO        11568    i.nrfx_usbd_ep_enable  nrfx_usbd.o
    0x0002fcf4   0x00000012   Code   RO        11569    i.nrfx_usbd_ep_enable_check  nrfx_usbd.o
    0x0002fd06   0x00000002   PAD
    0x0002fd08   0x00000094   Code   RO        11570    i.nrfx_usbd_ep_handled_transfer  nrfx_usbd.o
    0x0002fd9c   0x00000010   Code   RO        11572    i.nrfx_usbd_ep_max_packet_size_get  nrfx_usbd.o
    0x0002fdac   0x00000012   Code   RO        11573    i.nrfx_usbd_ep_max_packet_size_set  nrfx_usbd.o
    0x0002fdbe   0x00000002   PAD
    0x0002fdc0   0x00000038   Code   RO        11574    i.nrfx_usbd_ep_stall  nrfx_usbd.o
    0x0002fdf8   0x00000048   Code   RO        11575    i.nrfx_usbd_ep_stall_check  nrfx_usbd.o
    0x0002fe40   0x0000004c   Code   RO        11576    i.nrfx_usbd_ep_stall_clear  nrfx_usbd.o
    0x0002fe8c   0x00000024   Code   RO        11578    i.nrfx_usbd_ep_to_endevent  nrfx_usbd.o
    0x0002feb0   0x00000024   Code   RO        11579    i.nrfx_usbd_ep_to_int  nrfx_usbd.o
    0x0002fed4   0x00000114   Code   RO        11580    i.nrfx_usbd_ep_transfer  nrfx_usbd.o
    0x0002ffe8   0x00000038   Code   RO        11581    i.nrfx_usbd_epout_size_get  nrfx_usbd.o
    0x00030020   0x00000008   Code   RO        11582    i.nrfx_usbd_errata_187  nrfx_usbd.o
    0x00030028   0x00000008   Code   RO        11583    i.nrfx_usbd_feeder_buffer_get  nrfx_usbd.o
    0x00030030   0x00000044   Code   RO        11584    i.nrfx_usbd_feeder_flash  nrfx_usbd.o
    0x00030074   0x0000004a   Code   RO        11585    i.nrfx_usbd_feeder_flash_zlp  nrfx_usbd.o
    0x000300be   0x00000030   Code   RO        11586    i.nrfx_usbd_feeder_ram  nrfx_usbd.o
    0x000300ee   0x00000034   Code   RO        11587    i.nrfx_usbd_feeder_ram_zlp  nrfx_usbd.o
    0x00030122   0x00000002   PAD
    0x00030124   0x0000000c   Code   RO        11588    i.nrfx_usbd_force_bus_wakeup  nrfx_usbd.o
    0x00030130   0x00000098   Code   RO        11589    i.nrfx_usbd_init    nrfx_usbd.o
    0x000301c8   0x00000014   Code   RO        11590    i.nrfx_usbd_is_enabled  nrfx_usbd.o
    0x000301dc   0x00000014   Code   RO        11591    i.nrfx_usbd_is_initialized  nrfx_usbd.o
    0x000301f0   0x00000010   Code   RO        11594    i.nrfx_usbd_isoinconfig_set  nrfx_usbd.o
    0x00030200   0x0000000c   Code   RO        11595    i.nrfx_usbd_last_setup_dir_get  nrfx_usbd.o
    0x0003020c   0x0000000a   Code   RO        11596    i.nrfx_usbd_setup_clear  nrfx_usbd.o
    0x00030216   0x0000000a   Code   RO        11597    i.nrfx_usbd_setup_data_clear  nrfx_usbd.o
    0x00030220   0x0000006c   Code   RO        11598    i.nrfx_usbd_setup_get  nrfx_usbd.o
    0x0003028c   0x0000000a   Code   RO        11599    i.nrfx_usbd_setup_stall  nrfx_usbd.o
    0x00030296   0x00000002   PAD
    0x00030298   0x000000b4   Code   RO        11600    i.nrfx_usbd_start   nrfx_usbd.o
    0x0003034c   0x000000a8   Code   RO        11601    i.nrfx_usbd_stop    nrfx_usbd.o
    0x000303f4   0x00000058   Code   RO        11602    i.nrfx_usbd_suspend  nrfx_usbd.o
    0x0003044c   0x00000010   Code   RO        11604    i.nrfx_usbd_suspend_irq_config  nrfx_usbd.o
    0x0003045c   0x00000070   Code   RO        11605    i.nrfx_usbd_transfer_out_drop  nrfx_usbd.o
    0x000304cc   0x00000014   Code   RO        11606    i.nrfx_usbd_uninit  nrfx_usbd.o
    0x000304e0   0x00000070   Code   RO        11607    i.nrfx_usbd_wakeup_req  nrfx_usbd.o
    0x00030550   0x000000f8   Code   RO          406    i.nus_data_handler  main.o
    0x00030648   0x00000014   Code   RO        27375    i.nvmc_config       system_nrf52.o
    0x0003065c   0x00000010   Code   RO        27376    i.nvmc_wait         system_nrf52.o
    0x0003066c   0x00000058   Code   RO          407    i.on_adv_evt        main.o
    0x000306c4   0x00000014   Code   RO        14017    i.on_compare1_evt   app_timer2.o
    0x000306d8   0x00000020   Code   RO        14018    i.on_compare_evt    app_timer2.o
    0x000306f8   0x00000030   Code   RO         8764    i.on_conn_params_update  ble_conn_params.o
    0x00030728   0x00000070   Code   RO         8765    i.on_connect        ble_conn_params.o
    0x00030798   0x00000074   Code   RO         9268    i.on_connect        ble_nus.o
    0x0003080c   0x0000000e   Code   RO         8614    i.on_connected      ble_advertising.o
    0x0003081a   0x00000002   PAD
    0x0003081c   0x0000013c   Code   RO         9152    i.on_connected_evt  nrf_ble_gatt.o
    0x00030958   0x00000150   Code   RO         9153    i.on_data_length_update_evt  nrf_ble_gatt.o
    0x00030aa8   0x00000090   Code   RO         9154    i.on_data_length_update_request_evt  nrf_ble_gatt.o
    0x00030b38   0x00000032   Code   RO         8766    i.on_disconnect     ble_conn_params.o
    0x00030b6a   0x00000032   Code   RO         8615    i.on_disconnected   ble_advertising.o
    0x00030b9c   0x00000014   Code   RO         9155    i.on_disconnected_evt  nrf_ble_gatt.o
    0x00030bb0   0x0000017c   Code   RO         9156    i.on_exchange_mtu_request_evt  nrf_ble_gatt.o
    0x00030d2c   0x000000c0   Code   RO         9157    i.on_exchange_mtu_rsp_evt  nrf_ble_gatt.o
    0x00030dec   0x00000048   Code   RO         9269    i.on_hvx_tx_complete  ble_nus.o
    0x00030e34   0x00000024   Code   RO        25948    i.on_operation_failure  nrf_fstorage_sd.o
    0x00030e58   0x00000060   Code   RO        25949    i.on_operation_success  nrf_fstorage_sd.o
    0x00030eb8   0x0000001c   Code   RO        14019    i.on_overflow_evt   app_timer2.o
    0x00030ed4   0x00000040   Code   RO         8616    i.on_terminated     ble_advertising.o
    0x00030f14   0x00000058   Code   RO         8767    i.on_write          ble_conn_params.o
    0x00030f6c   0x00000094   Code   RO         9270    i.on_write          ble_nus.o
    0x00031000   0x0000001c   Code   RO         8617    i.phy_is_valid      ble_advertising.o
    0x0003101c   0x000000c4   Code   RO        10043    i.port_event_handle  nrfx_gpiote.o
    0x000310e0   0x00000010   Code   RO        10044    i.port_handler_pin_get  nrfx_gpiote.o
    0x000310f0   0x00000010   Code   RO        10045    i.port_handler_polarity_get  nrfx_gpiote.o
    0x00031100   0x00000048   Code   RO        26447    i.postfix_process   nrf_log_str_formatter.o
    0x00031148   0x0000001a   Code   RO          408    i.power_manage      main.o
    0x00031162   0x00000002   PAD
    0x00031164   0x000000a4   Code   RO        26448    i.prefix_process    nrf_log_str_formatter.o
    0x00031208   0x00000018   Code   RO        25950    i.queue_free        nrf_fstorage_sd.o
    0x00031220   0x0000002c   Code   RO        25951    i.queue_load_next   nrf_fstorage_sd.o
    0x0003124c   0x00000090   Code   RO        25952    i.queue_process     nrf_fstorage_sd.o
    0x000312dc   0x0000001c   Code   RO        25953    i.queue_start       nrf_fstorage_sd.o
    0x000312f8   0x00000010   Code   RO        26895    i.ram_end_address_get  nrf_sdh_ble.o
    0x00031308   0x0000001c   Code   RO        25954    i.read              nrf_fstorage_sd.o
    0x00031324   0x00000028   Code   RO         8877    i.record_activate   ble_conn_state.o
    0x0003134c   0x00000020   Code   RO         8878    i.record_invalidate  ble_conn_state.o
    0x0003136c   0x00000048   Code   RO         8879    i.record_purge_disconnected  ble_conn_state.o
    0x000313b4   0x00000014   Code   RO         8880    i.record_set_disconnected  ble_conn_state.o
    0x000313c8   0x00000006   Code   RO        25955    i.rmap              nrf_fstorage_sd.o
    0x000313ce   0x0000003e   Code   RO        14020    i.rtc_irq           app_timer2.o
    0x0003140c   0x00000084   Code   RO        14021    i.rtc_schedule      app_timer2.o
    0x00031490   0x000000c0   Code   RO        14022    i.rtc_update        app_timer2.o
    0x00031550   0x0000007c   Code   RO        26771    i.sd_nvic_DisableIRQ  nrf_sdh.o
    0x000315cc   0x000000a4   Code   RO        26772    i.sd_nvic_EnableIRQ  nrf_sdh.o
    0x00031670   0x00000068   Code   RO        24672    i.sd_nvic_critical_region_enter  app_util_platform.o
    0x000316d8   0x00000090   Code   RO         9348    i.sd_state_evt_handler  nrf_drv_clock.o
    0x00031768   0x0000003c   Code   RO        26773    i.sdh_request_observer_notify  nrf_sdh.o
    0x000317a4   0x00000034   Code   RO        26774    i.sdh_state_observer_notify  nrf_sdh.o
    0x000317d8   0x00000018   Code   RO         8768    i.send_error_evt    ble_conn_params.o
    0x000317f0   0x00000024   Code   RO         8769    i.send_update_request  ble_conn_params.o
    0x00031814   0x00000084   Code   RO        26079    i.serial_tx         nrf_log_backend_rtt.o
    0x00031898   0x00000096   Code   RO         8486    i.service_data_encode  ble_advdata.o
    0x0003192e   0x00000002   PAD
    0x00031930   0x00000030   Code   RO          409    i.services_init     main.o
    0x00031960   0x00000030   Code   RO         8618    i.set_adv_mode_directed  ble_advertising.o
    0x00031990   0x00000024   Code   RO         8619    i.set_adv_mode_directed_high_duty  ble_advertising.o
    0x000319b4   0x0000005c   Code   RO         8620    i.set_adv_mode_fast  ble_advertising.o
    0x00031a10   0x0000005c   Code   RO         8621    i.set_adv_mode_slow  ble_advertising.o
    0x00031a6c   0x000000be   Code   RO         9078    i.set_security_req  ble_srv_common.o
    0x00031b2a   0x00000006   Code   RO        19080    i.setup_data_handler_empty  app_usbd_core.o
    0x00031b30   0x00000040   Code   RO        19081    i.setup_device_req_get_configuration  app_usbd_core.o
    0x00031b70   0x00000150   Code   RO        19082    i.setup_device_req_get_descriptor  app_usbd_core.o
    0x00031cc0   0x0000004c   Code   RO        19083    i.setup_device_req_get_status  app_usbd_core.o
    0x00031d0c   0x00000048   Code   RO        19084    i.setup_device_req_set_configuration  app_usbd_core.o
    0x00031d54   0x000000c4   Code   RO        19085    i.setup_device_req_std_handler  app_usbd_core.o
    0x00031e18   0x000000bc   Code   RO        19086    i.setup_endpoint_req_std  app_usbd_core.o
    0x00031ed4   0x0000005c   Code   RO        16964    i.setup_event_handler  app_usbd_cdc_acm.o
    0x00031f30   0x000000ac   Code   RO        19087    i.setup_interface_req_std_handle  app_usbd_core.o
    0x00031fdc   0x00000040   Code   RO        16965    i.setup_req_class_in  app_usbd_cdc_acm.o
    0x0003201c   0x000000b2   Code   RO        16966    i.setup_req_class_out  app_usbd_cdc_acm.o
    0x000320ce   0x0000004a   Code   RO        16967    i.setup_req_std_in  app_usbd_cdc_acm.o
    0x00032118   0x0000000c   Code   RO        16968    i.setup_req_std_out  app_usbd_cdc_acm.o
    0x00032124   0x0000001c   Code   RO         9349    i.soc_evt_handler   nrf_drv_clock.o
    0x00032140   0x0000001e   Code   RO        26775    i.softdevice_evt_irq_disable  nrf_sdh.o
    0x0003215e   0x0000001e   Code   RO        26776    i.softdevices_evt_irq_enable  nrf_sdh.o
    0x0003217c   0x00000018   Code   RO        14023    i.sorted_list_stop_all  app_timer2.o
    0x00032194   0x00000018   Code   RO        14024    i.sortlist_pop      app_timer2.o
    0x000321ac   0x00000064   Code   RO        26263    i.std_header_set    nrf_log_frontend.o
    0x00032210   0x00000074   Code   RO        26264    i.std_n             nrf_log_frontend.o
    0x00032284   0x00000020   Code   RO        21148    i.string_create     app_usbd_serial_num.o
    0x000322a4   0x00000074   Code   RO        25421    i.string_print      nrf_fprintf_format.o
    0x00032318   0x00000060   Code   RO        14684    i.sustate_set       app_usbd.o
    0x00032378   0x0000000a   Code   RO        24775    i.ticks_sub         drv_rtc.o
    0x00032382   0x00000002   PAD
    0x00032384   0x000000b4   Code   RO        14025    i.timer_expire      app_timer2.o
    0x00032438   0x00000098   Code   RO        14026    i.timer_req_process  app_timer2.o
    0x000324d0   0x00000040   Code   RO        14027    i.timer_req_schedule  app_timer2.o
    0x00032510   0x00000044   Code   RO          411    i.timers_init       main.o
    0x00032554   0x00000002   Code   RO        26449    i.timestamp_print   nrf_log_str_formatter.o
    0x00032556   0x00000036   Code   RO         8487    i.tx_power_level_encode  ble_advdata.o
    0x0003258c   0x00000020   Code   RO          412    i.u32_stackEnvoi    main.o
    0x000325ac   0x0000000c   Code   RO         9079    i.uint16_decode     ble_srv_common.o
    0x000325b8   0x0000000c   Code   RO         8488    i.uint16_encode     ble_advdata.o
    0x000325c4   0x00000024   Code   RO        25956    i.uninit            nrf_fstorage_sd.o
    0x000325e8   0x000000b8   Code   RO        25422    i.unsigned_print    nrf_fprintf_format.o
    0x000326a0   0x00000074   Code   RO         8770    i.update_timeout_handler  ble_conn_params.o
    0x00032714   0x00000014   Code   RO        19088    i.usb_core_ep0_handler_check  app_usbd_core.o
    0x00032728   0x00000034   Code   RO        19089    i.usbd_core_state_set  app_usbd_core.o
    0x0003275c   0x00000108   Code   RO        19090    i.usbd_descriptor_conf_feeder  app_usbd_core.o
    0x00032864   0x00000020   Code   RO        11608    i.usbd_dma_pending_clear  nrfx_usbd.o
    0x00032884   0x0000000c   Code   RO        11609    i.usbd_dma_scheduler_algorithm  nrfx_usbd.o
    0x00032890   0x00000154   Code   RO        11610    i.usbd_dmareq_process  nrfx_usbd.o
    0x000329e4   0x000000f4   Code   RO        11611    i.usbd_enable       nrfx_usbd.o
    0x00032ad8   0x00000144   Code   RO        11612    i.usbd_ep_abort     nrfx_usbd.o
    0x00032c1c   0x00000054   Code   RO        11613    i.usbd_ep_abort_all  nrfx_usbd.o
    0x00032c70   0x00000090   Code   RO        11614    i.usbd_ep_data_handler  nrfx_usbd.o
    0x00032d00   0x00000044   Code   RO        11615    i.usbd_errata_187_211_begin  nrfx_usbd.o
    0x00032d44   0x00000044   Code   RO        11616    i.usbd_errata_187_211_end  nrfx_usbd.o
    0x00032d88   0x00000024   Code   RO        11617    i.usbd_int_rise     nrfx_usbd.o
    0x00032dac   0x000000c0   Code   RO          413    i.usbd_user_ev_handler  main.o
    0x00032e6c   0x0000001e   Code   RO         8622    i.use_whitelist     ble_advertising.o
    0x00032e8a   0x00000002   PAD
    0x00032e8c   0x0000001c   Code   RO        14685    i.user_event_handler  app_usbd.o
    0x00032ea8   0x0000001a   Code   RO        16969    i.user_event_handler  app_usbd_cdc_acm.o
    0x00032ec2   0x00000002   PAD
    0x00032ec4   0x00000018   Code   RO        14686    i.user_event_state_proc  app_usbd.o
    0x00032edc   0x0000004e   Code   RO         8489    i.uuid_list_encode  ble_advdata.o
    0x00032f2a   0x000000d6   Code   RO         8490    i.uuid_list_sized_encode  ble_advdata.o
    0x00033000   0x00000254   Code   RO         2847    i.v_unifiedProtocol  protocol.o
    0x00033254   0x00000008   Code   RO         8623    i.whitelist_has_entries  ble_advertising.o
    0x0003325c   0x00000006   Code   RO        25957    i.wmap              nrf_fstorage_sd.o
    0x00033262   0x00000002   PAD
    0x00033264   0x00000054   Code   RO        25958    i.write             nrf_fstorage_sd.o
    0x000332b8   0x00000058   Code   RO        25959    i.write_execute     nrf_fstorage_sd.o
    0x00033310   0x00000054   Data   RO          415    .constdata          main.o
    0x00033364   0x00000044   Data   RO         2849    .constdata          protocol.o
    0x000333a8   0x00000016   Data   RO         9158    .constdata          nrf_ble_gatt.o
    0x000333be   0x00000002   PAD
    0x000333c0   0x00000010   Data   RO         9271    .constdata          ble_nus.o
    0x000333d0   0x00000001   Data   RO         9517    .constdata          nrf_drv_power.o
    0x000333d1   0x00000003   PAD
    0x000333d4   0x00000042   Data   RO        10047    .constdata          nrfx_gpiote.o
    0x00033416   0x00000002   PAD
    0x00033418   0x000000d0   Data   RO        11619    .constdata          nrfx_usbd.o
    0x000334e8   0x00000014   Data   RO        14029    .constdata          app_timer2.o
    0x000334fc   0x00000045   Data   RO        14688    .constdata          app_usbd.o
    0x00033541   0x00000003   PAD
    0x00033544   0x0000004c   Data   RO        16970    .constdata          app_usbd_cdc_acm.o
    0x00033590   0x00000051   Data   RO        19092    .constdata          app_usbd_core.o
    0x000335e1   0x00000001   PAD
    0x000335e2   0x0000005e   Data   RO        23110    .constdata          app_usbd_string_desc.o
    0x00033640   0x00000006   Data   RO        24776    .constdata          drv_rtc.o
    0x00033646   0x00000010   Data   RO        25423    .constdata          nrf_fprintf_format.o
    0x00033656   0x00000002   PAD
    0x00033658   0x0000013c   Data   RO        25780    .constdata          nrf_strerror.o
    0x00033794   0x00000030   Data   RO        25961    .constdata          nrf_fstorage_sd.o
    0x000337c4   0x0000000c   PAD
    0x000337d0   0x00000016   Data   RO        26081    .constdata          nrf_log_backend_rtt.o
    0x000337e6   0x00000002   PAD
    0x000337e8   0x0000000c   Data   RO        26266    .constdata          nrf_log_frontend.o
    0x000337f4   0x00000058   Data   RO        26777    .constdata          nrf_sdh.o
    0x0003384c   0x00000030   Data   RO        26896    .constdata          nrf_sdh_ble.o
    0x0003387c   0x0000001c   Data   RO        26951    .constdata          nrf_sdh_soc.o
    0x00033898   0x00000081   Data   RO        28962    .constdata          mc_w.l(ctype_o.o)
    0x00033919   0x00000003   PAD
    0x0003391c   0x00000004   Data   RO        28963    .constdata          mc_w.l(ctype_o.o)
    0x00033920   0x0000000a   Data   RO         2850    .conststring        protocol.o
    0x0003392a   0x00000002   PAD
    0x0003392c   0x00000041   Data   RO         4846    .conststring        flash.o
    0x0003396d   0x00000003   PAD
    0x00033970   0x0000013e   Data   RO         9159    .conststring        nrf_ble_gatt.o
    0x00033aae   0x00000002   PAD
    0x00033ab0   0x00000515   Data   RO        24986    .conststring        hardfault_implementation.o
    0x00033fc5   0x00000003   PAD
    0x00033fc8   0x000003eb   Data   RO        25781    .conststring        nrf_strerror.o
    0x000343b3   0x00000001   PAD
    0x000343b4   0x0000005d   Data   RO        26450    .conststring        nrf_log_str_formatter.o
    0x00034411   0x00000003   PAD
    0x00034414   0x000001cf   Data   RO        26897    .conststring        nrf_sdh_ble.o
    0x000345e3   0x00000001   PAD
    0x000345e4   0x0000000d   Data   RO         9160    .conststrlit        nrf_ble_gatt.o
    0x000345f1   0x00000003   PAD
    0x000345f4   0x00000008   Data   RO         9272    .conststrlit        ble_nus.o
    0x000345fc   0x00000006   Data   RO         9352    .conststrlit        nrf_drv_clock.o
    0x00034602   0x00000002   PAD
    0x00034604   0x00000006   Data   RO         9843    .conststrlit        nrfx_clock.o
    0x0003460a   0x00000002   PAD
    0x0003460c   0x00000007   Data   RO        10048    .conststrlit        nrfx_gpiote.o
    0x00034613   0x00000001   PAD
    0x00034614   0x00000004   Data   RO        10530    .conststrlit        nrfx_prs.o
    0x00034618   0x00000005   Data   RO        10695    .conststrlit        nrfx_uart.o
    0x0003461d   0x00000003   PAD
    0x00034620   0x00000006   Data   RO        10942    .conststrlit        nrfx_uarte.o
    0x00034626   0x00000002   PAD
    0x00034628   0x00000005   Data   RO        11620    .conststrlit        nrfx_usbd.o
    0x0003462d   0x00000003   PAD
    0x00034630   0x0000000b   Data   RO        13675    .conststrlit        app_button.o
    0x0003463b   0x00000001   PAD
    0x0003463c   0x0000000a   Data   RO        14030    .conststrlit        app_timer2.o
    0x00034646   0x00000002   PAD
    0x00034648   0x00000009   Data   RO        14689    .conststrlit        app_usbd.o
    0x00034651   0x00000003   PAD
    0x00034654   0x00000008   Data   RO        16971    .conststrlit        app_usbd_cdc_acm.o
    0x0003465c   0x0000000e   Data   RO        19093    .conststrlit        app_usbd_core.o
    0x0003466a   0x00000002   PAD
    0x0003466c   0x0000000a   Data   RO        24987    .conststrlit        hardfault_implementation.o
    0x00034676   0x00000002   PAD
    0x00034678   0x00000009   Data   RO        25549    .conststrlit        nrf_pwr_mgmt.o
    0x00034681   0x00000003   PAD
    0x00034684   0x00000009   Data   RO        25727    .conststrlit        nrf_sortlist.o
    0x0003468d   0x00000003   PAD
    0x00034690   0x0000000d   Data   RO        25861    .conststrlit        nrf_fstorage.o
    0x0003469d   0x00000003   PAD
    0x000346a0   0x00000010   Data   RO        26199    .conststrlit        nrf_log_default_backends.o
    0x000346b0   0x00000004   Data   RO        26267    .conststrlit        nrf_log_frontend.o
    0x000346b4   0x00000008   Data   RO        26778    .conststrlit        nrf_sdh.o
    0x000346bc   0x0000000c   Data   RO        26898    .conststrlit        nrf_sdh_ble.o
    0x000346c8   0x0000000c   Data   RO        26952    .conststrlit        nrf_sdh_soc.o
    0x000346d4   0x00000020   Data   RO        29303    Region$$Table       anon$$obj.o
    0x000346f4   0x00000010   Data   RO        26201    log_backends        nrf_log_default_backends.o
    0x00034704   0x00000008   Data   RO         9161    log_const_data      nrf_ble_gatt.o
    0x0003470c   0x00000008   Data   RO         9273    log_const_data      ble_nus.o
    0x00034714   0x00000008   Data   RO         9353    log_const_data      nrf_drv_clock.o
    0x0003471c   0x00000008   Data   RO         9845    log_const_data      nrfx_clock.o
    0x00034724   0x00000008   Data   RO        10049    log_const_data      nrfx_gpiote.o
    0x0003472c   0x00000008   Data   RO        10532    log_const_data      nrfx_prs.o
    0x00034734   0x00000008   Data   RO        10696    log_const_data      nrfx_uart.o
    0x0003473c   0x00000008   Data   RO        10943    log_const_data      nrfx_uarte.o
    0x00034744   0x00000008   Data   RO        11622    log_const_data      nrfx_usbd.o
    0x0003474c   0x00000008   Data   RO        13677    log_const_data      app_button.o
    0x00034754   0x00000008   Data   RO        14032    log_const_data      app_timer2.o
    0x0003475c   0x00000008   Data   RO        14691    log_const_data      app_usbd.o
    0x00034764   0x00000008   Data   RO        16973    log_const_data      app_usbd_cdc_acm.o
    0x0003476c   0x00000008   Data   RO        19095    log_const_data      app_usbd_core.o
    0x00034774   0x00000008   Data   RO        24989    log_const_data      hardfault_implementation.o
    0x0003477c   0x00000008   Data   RO        25551    log_const_data      nrf_pwr_mgmt.o
    0x00034784   0x00000008   Data   RO        25728    log_const_data      nrf_sortlist.o
    0x0003478c   0x00000008   Data   RO        25862    log_const_data      nrf_fstorage.o
    0x00034794   0x00000008   Data   RO        26269    log_const_data      nrf_log_frontend.o
    0x0003479c   0x00000008   Data   RO        26780    log_const_data      nrf_sdh.o
    0x000347a4   0x00000008   Data   RO        26900    log_const_data      nrf_sdh_ble.o
    0x000347ac   0x00000008   Data   RO        26953    log_const_data      nrf_sdh_soc.o
    0x000347b4   0x00000014   Data   RO        26270    nrf_balloc          nrf_log_frontend.o
    0x000347c8   0x00000008   Data   RO         8883    sdh_ble_observers0  ble_conn_state.o
    0x000347d0   0x00000010   Data   RO          417    sdh_ble_observers1  main.o
    0x000347e0   0x00000008   Data   RO         8773    sdh_ble_observers1  ble_conn_params.o
    0x000347e8   0x00000008   Data   RO          418    sdh_ble_observers2  main.o
    0x000347f0   0x00000008   Data   RO          419    sdh_ble_observers3  main.o
    0x000347f8   0x00000008   Data   RO        25963    sdh_req_observers0  nrf_fstorage_sd.o
    0x00034800   0x00000008   Data   RO         9354    sdh_soc_observers0  nrf_drv_clock.o
    0x00034808   0x00000008   Data   RO         9519    sdh_soc_observers0  nrf_drv_power.o
    0x00034810   0x00000008   Data   RO        25964    sdh_soc_observers0  nrf_fstorage_sd.o
    0x00034818   0x00000008   Data   RO        26901    sdh_stack_observers0  nrf_sdh_ble.o
    0x00034820   0x00000008   Data   RO        26954    sdh_stack_observers0  nrf_sdh_soc.o
    0x00034828   0x00000008   Data   RO         9355    sdh_state_observers0  nrf_drv_clock.o
    0x00034830   0x00000008   Data   RO         9520    sdh_state_observers0  nrf_drv_power.o
    0x00034838   0x00000008   Data   RO        25965    sdh_state_observers0  nrf_fstorage_sd.o


    Execution Region RW_IRAM1 (Base: 0x20002ae8, Size: 0x00003858, Max: 0x0003d518, ABSOLUTE, COMPRESSED[0x000000d0])

    Base Addr    Size         Type   Attr      Idx    E Section Name        Object

    0x20002ae8   0x00000087   Data   RW          416    .data               main.o
    0x20002b6f   0x00000001   PAD
    0x20002b70   0x00000004   Data   RW         2851    .data               protocol.o
    0x20002b74   0x00000008   Data   RW         8772    .data               ble_conn_params.o
    0x20002b7c   0x00000001   Data   RW         9518    .data               nrf_drv_power.o
    0x20002b7d   0x00000003   PAD
    0x20002b80   0x00000009   Data   RW         9844    .data               nrfx_clock.o
    0x20002b89   0x00000003   PAD
    0x20002b8c   0x00000010   Data   RW        10379    .data               nrfx_power.o
    0x20002b9c   0x00000008   Data   RW        10531    .data               nrfx_prs.o
    0x20002ba4   0x00000016   Data   RW        11621    .data               nrfx_usbd.o
    0x20002bba   0x00000006   PAD
    0x20002bc0   0x00000024   Data   RW        14031    .data               app_timer2.o
    0x20002be4   0x00000028   Data   RW        14690    .data               app_usbd.o
    0x20002c0c   0x00000010   Data   RW        16972    .data               app_usbd_cdc_acm.o
    0x20002c1c   0x00000010   Data   RW        19094    .data               app_usbd_core.o
    0x20002c2c   0x0000001c   Data   RW        23111    .data               app_usbd_string_desc.o
    0x20002c48   0x0000000c   Data   RW        24777    .data               drv_rtc.o
    0x20002c54   0x00000068   Data   RW        24988    .data               hardfault_implementation.o
    0x20002cbc   0x00000008   Data   RW        25962    .data               nrf_fstorage_sd.o
    0x20002cc4   0x00000001   Data   RW        26082    .data               nrf_log_backend_rtt.o
    0x20002cc5   0x00000003   PAD
    0x20002cc8   0x00000008   Data   RW        26200    .data               nrf_log_default_backends.o
    0x20002cd0   0x00000014   Data   RW        26268    .data               nrf_log_frontend.o
    0x20002ce4   0x00000040   Data   RW        26451    .data               nrf_log_str_formatter.o
    0x20002d24   0x00000003   Data   RW        26779    .data               nrf_sdh.o
    0x20002d27   0x00000001   Data   RW        26899    .data               nrf_sdh_ble.o
    0x20002d28   0x00000004   Data   RW        27377    .data               system_nrf52.o
    0x20002d2c   0x00000014   Data   RW         4848    fs_data             flash.o
    0x20002d40   0x000006b8   Zero   RW          414    .bss                main.o
    0x200033f8   0x00000032   Zero   RW         2848    .bss                protocol.o
    0x2000342a   0x00000006   PAD
    0x20003430   0x00000050   Zero   RW         8771    .bss                ble_conn_params.o
    0x20003480   0x0000007c   Zero   RW         8882    .bss                ble_conn_state.o
    0x200034fc   0x00000014   Zero   RW         9350    .bss                nrf_drv_clock.o
    0x20003510   0x0000006c   Zero   RW        10046    .bss                nrfx_gpiote.o
    0x2000357c   0x00000238   Zero   RW        11618    .bss                nrfx_usbd.o
    0x200037b4   0x00000068   Zero   RW        14028    .bss                app_timer2.o
    0x2000381c   0x000001b4   Zero   RW        14687    .bss                app_usbd.o
    0x200039d0   0x00000064   Zero   RW        19091    .bss                app_usbd_core.o
    0x20003a34   0x0000000d   Zero   RW        21149    .bss                app_usbd_serial_num.o
    0x20003a41   0x00000003   PAD
    0x20003a44   0x0000000c   Zero   RW        24673    .bss                app_util_platform.o
    0x20003a50   0x000000b0   Zero   RW        25960    .bss                nrf_fstorage_sd.o
    0x20003b00   0x00000040   Zero   RW        26080    .bss                nrf_log_backend_rtt.o
    0x20003b40   0x00000578   Zero   RW        26265    .bss                nrf_log_frontend.o
    0x200040b8   0x00000288   Zero   RW        26531    .bss                segger_rtt.o
    0x20004340   0x00002000   Zero   RW        26981    STACK               arm_startup_nrf52840.o


==============================================================================

Image component sizes


      Code (inc. data)   RO Data    RW Data    ZI Data      Debug   Object Name

         0          0         19          0          0       1579   app_button.o
        28          0          0          0          0       2461   app_error.o
       188         44          0          0          0      34093   app_error_weak.o
      1336        120         38         36        104      18961   app_timer2.o
      3356        254         86         40        436      81548   app_usbd.o
      5066        128         92         16          0      55928   app_usbd_cdc_acm.o
      2208        134        103         16        100      56733   app_usbd_core.o
        96         22          0          0         13       2452   app_usbd_serial_num.o
       208         16         94         28          0       3608   app_usbd_string_desc.o
       200         24          0          0         12      11322   app_util_platform.o
        36          8        512          0       8192        888   arm_startup_nrf52840.o
      1770          0          0          0          0      55480   ble_advdata.o
      1380          6          0          0          0      16351   ble_advertising.o
       936         56          8          8         80      11691   ble_conn_params.o
       486         32          8          0        124       9084   ble_conn_state.o
       108          0          0          0          0       1564   ble_link_ctx_manager.o
       668          4         32          0          0       6052   ble_nus.o
       676          6          0          0          0      41137   ble_srv_common.o
         0          0          0          0          0        520   boards.o
      1010         98          6         12          0      53077   drv_rtc.o
       224        122         65         20          0       3778   flash.o
        52         14          0          0          0        584   hardfault_handler_keil.o
       628        274       1319        104          0       3672   hardfault_implementation.o
      3090        700        116        135       1720     234808   main.o
       374          0          0          0          0       6604   nrf_atfifo.o
        90          0          0          0          0       3088   nrf_atflags.o
       444          0          0          0          0      10061   nrf_atomic.o
       218          0          0          0          0       3719   nrf_balloc.o
      2096        788        361          0          0      39781   nrf_ble_gatt.o
       686         68         30          0         20      47820   nrf_drv_clock.o
       504         24         17          1          0      52094   nrf_drv_power.o
        70          0          0          0          0       3509   nrf_fprintf.o
      1030          6         16          0          0       7066   nrf_fprintf_format.o
         0          0         21          0          0       1432   nrf_fstorage.o
      1118        118         72          8        176      18727   nrf_fstorage_sd.o
       176         16         22          1         64       6885   nrf_log_backend_rtt.o
       242          0          0          0          0      10937   nrf_log_backend_serial.o
        40          6         32          8          0       3293   nrf_log_default_backends.o
      2400        158         44         20       1400      34514   nrf_log_frontend.o
       626        112         93         64          0       5884   nrf_log_str_formatter.o
       514          0          0          0          0       9515   nrf_memobj.o
         0          0         17          0          0       6628   nrf_pwr_mgmt.o
        28          0          0          0          0       2319   nrf_ringbuf.o
       862         86        104          3          0      44902   nrf_sdh.o
       900        238        539          1          0       6411   nrf_sdh_ble.o
        84          4         56          0          0       2664   nrf_sdh_soc.o
       112          0          0          0          0       2748   nrf_section_iter.o
       110          0         17          0          0       3925   nrf_sortlist.o
        92         10       1319          0          0       2667   nrf_strerror.o
       248          0          0          0          0       2996   nrfx_atomic.o
       536         50         14          9          0      50801   nrfx_clock.o
       712         50         81          0        108      26755   nrfx_gpiote.o
       594         68          0         16          0      19779   nrfx_power.o
        16          6         12          8          0       2034   nrfx_prs.o
         0          0         13          0          0      10093   nrfx_uart.o
         0          0         14          0          0      10086   nrfx_uarte.o
      6558        660        221         22        568     126567   nrfx_usbd.o
       724        142         78          4         50       7899   protocol.o
       470         44          0          0        648       8281   segger_rtt.o
      1188        174          0          4          0       9597   system_nrf52.o

    ----------------------------------------------------------------------
     47690       4890       5800        600      13824    1319452   Object Totals
         0          0         32          0          0          0   (incl. Generated)
        78          0         77         16          9          0   (incl. Padding)

    ----------------------------------------------------------------------

      Code (inc. data)   RO Data    RW Data    ZI Data      Debug   Library Member Name

        86          0          0          0          0          0   __dczerorl2.o
         8          4        133          0          0         68   ctype_o.o
         0          0          0          0          0          0   entry.o
         0          0          0          0          0          0   entry10a.o
         0          0          0          0          0          0   entry11a.o
         8          4          0          0          0          0   entry2.o
         4          0          0          0          0          0   entry5.o
         0          0          0          0          0          0   entry7b.o
         0          0          0          0          0          0   entry8b.o
         8          4          0          0          0          0   entry9a.o
        30          0          0          0          0          0   handlers.o
        36          8          0          0          0         68   init.o
        30          0          0          0          0         68   llshl.o
        32          0          0          0          0         68   llushr.o
        36          0          0          0          0         68   memcpya.o
        36          0          0          0          0        108   memseta.o
      1234         54          0          0          0        572   printf8.o
        20          0          0          0          0         68   strchr.o
        18          0          0          0          0         68   strcpy.o
        14          0          0          0          0         68   strlen.o
        30          0          0          0          0         80   strncmp.o
        98          0          0          0          0         92   uldiv.o

    ----------------------------------------------------------------------
      1734         74        136          0          0       1396   Library Totals
         6          0          3          0          0          0   (incl. Padding)

    ----------------------------------------------------------------------

      Code (inc. data)   RO Data    RW Data    ZI Data      Debug   Library Name

      1728         74        133          0          0       1396   mc_w.l

    ----------------------------------------------------------------------
      1734         74        136          0          0       1396   Library Totals

    ----------------------------------------------------------------------

==============================================================================


      Code (inc. data)   RO Data    RW Data    ZI Data      Debug   

     49424       4964       5936        600      13824    1263356   Grand Totals
     49424       4964       5936        208      13824    1263356   ELF Image Totals (compressed)
     49424       4964       5936        208          0          0   ROM Totals

==============================================================================

    Total RO  Size (Code + RO Data)                55360 (  54.06kB)
    Total RW  Size (RW Data + ZI Data)             14424 (  14.09kB)
    Total ROM Size (Code + RO Data + RW Data)      55568 (  54.27kB)

==============================================================================

